PROXY=113.76.57.163:10682
id=7 HTTP=200 price=¥
														    70.00 stock=1件 sales=8件 pay=['udpay'] title=100%可上手机，星星，先刷机，后上号，已过滤有码，质量天花板-优卡自动发卡网
id=8 HTTP=200 price=¥
														    80.00 stock=0件 sales=13件 pay=['udpay'] title=100%可上手机，月亮，先刷机，后上号，已过滤有码，质量天花板	-优卡自动发卡网
id=9 HTTP=200 price=¥
														    90.00 stock=1件 sales=4件 pay=['udpay'] title=100%可上手机，单太，先刷机，后上号，已过滤有码，质量天花板-优卡自动发卡网
id=10 HTTP=200 price=¥
														    100.00 stock=0件 sales=2件 pay=['udpay'] title=100%可上手机，双太，先刷机，后上号，已过滤有码，质量天花板-优卡自动发卡网
id=11 HTTP=200 price=¥
														    110.00 stock=0件 sales=3件 pay=['udpay'] title= 100%可上手机，三太，先刷机，后上号，已过滤有码，质量天花板-优卡自动发卡网
id=12 HTTP=200 price=¥
														    125.00 stock=3件 sales=0件 pay=['udpay'] title= 100%可上手机，皇冠，先刷机，后上号，已过滤有码，质量天花板-优卡自动发卡网
id=13 HTTP=200 price=¥
														    60.00 stock=1件 sales=3件 pay=['udpay'] title=电脑端星月随机发 质量天花板-优卡自动发卡网
id=14 HTTP=200 price=¥
														    80.00 stock=0件 sales=2件 pay=['udpay'] title=电脑端单双三随机发 质量天花板-优卡自动发卡网
id=15 HTTP=200 price=¥
														    95.00 stock=0件 sales=2件 pay=['udpay'] title=电脑端私人皇冠  质量天花板-优卡自动发卡网
pay len 5006
msg []
dt []
<!DOCTYPE html> <html> <head> <meta http-equiv="Content-Type" content="text/html; charset=UTF-8"> <meta name="author" content="YKFAKA" /> <meta http-equiv="Content-Language" content="zh-cn"> <meta name="apple-mobile-web-app-capable" content="no"> <meta name="apple-touch-fullscreen" content="yes"> <meta name="format-detection" content="telephone=no,email=no"> <meta name="apple-mobile-web-app-status
tg ['@gj988', '@miduo2026_bot']
Taddr []
USDT lines:
]自动发卡网是一款个人和商家均适合使用的一款全新的发卡网系统，支持微信、支付宝、USDT、QQ钱包收款,支持7X24无人值守自动发货" />
