[08:43:45] null bytes=2670485 ddids=904
[08:43:46] HIT 002F88D532D4 点我刷新订单信息，一般2分钟左右刷新正常出资料，10分钟内都刷新不出或乱码，说明订单环节出错，请联系我们处理，请勿频繁点击
[08:43:46] HIT 002B7EBF6ED0 点我刷新订单信息，一般2分钟左右刷新正常出资料，10分钟内都刷新不出或乱码，说明订单环节出错，请联系我们处理，请勿频繁点击
[08:43:46] HIT 027CE5EC19F4 点我刷新订单信息，一般2分钟左右刷新正常出资料，10分钟内都刷新不出或乱码，说明订单环节出错，请联系我们处理，请勿频繁点击
[08:43:46] HIT 0184C7F453DC 点我刷新订单信息，一般2分钟左右刷新正常出资料，10分钟内都刷新不出或乱码，说明订单环节出错，请联系我们处理，请勿频繁点击
[08:43:46] HIT 007F3F2CD56A 点我刷新订单信息，一般2分钟左右刷新正常出资料，10分钟内都刷新不出或乱码，说明订单环节出错，请联系我们处理，请勿频繁点击
[08:43:48] HIT 058E3EBD0DAB 3908909692----dfh83934----COM86,153****3934----http://sms.szfangmm.com:3000/GGBn
[08:43:50] HIT 0BDAF5D66827 点我刷新订单信息，一般2分钟左右刷新正常出资料，10分钟内都刷新不出或乱码，说明订单环节出错，请联系我们处理，请勿频繁点击
[08:43:50] progress 50/904 hits=50 empty=0 fail=0
[08:43:52] HIT 1319BD0FE1CE 点我刷新订单信息，一般2分钟左右刷新正常出资料，10分钟内都刷新不出或乱码，说明订单环节出错，请联系我们处理，请勿频繁点击
[08:43:53] progress 100/904 hits=99 empty=0 fail=1
[08:43:54] HIT 1A881F0B5A58 点我刷新订单信息，一般2分钟左右刷新正常出资料，10分钟内都刷新不出或乱码，说明订单环节出错，请联系我们处理，请勿频繁点击
[08:43:55] HIT 2188BB6C2DCD 点我刷新订单信息，一般2分钟左右刷新正常出资料，10分钟内都刷新不出或乱码，说明订单环节出错，请联系我们处理，请勿频繁点击
[08:43:57] progress 150/904 hits=149 empty=0 fail=1
[08:43:57] HIT 2809F5EE1F82 点我刷新订单信息，一般2分钟左右刷新正常出资料，10分钟内都刷新不出或乱码，说明订单环节出错，请联系我们处理，请勿频繁点击
[08:43:59] HIT 30178D8D0CC2 请联系客服处理
[08:44:01] progress 200/904 hits=199 empty=0 fail=1
[08:44:01] HIT 354E6AD1B310 3911790865----dfh06164----COM116,130****6164----http://sms.szfangmm.com:3000/r4p
[08:44:03] HIT 3E5F2D4EA438 点我刷新订单信息，一般2分钟左右刷新正常出资料，10分钟内都刷新不出或乱码，说明订单环节出错，请联系我们处理，请勿频繁点击
[08:44:05] progress 250/904 hits=249 empty=0 fail=1
[08:44:05] HIT 4519623D1D79 2493177248----dfh20091----COM52,132****0091----http://sms.newszfang.vip:3000/zj9
[08:44:07] HIT 4AEC740AECC9 点我刷新订单信息，一般2分钟左右刷新正常出资料，10分钟内都刷新不出或乱码，说明订单环节出错，请联系我们处理，请勿频繁点击
[08:44:09] progress 300/904 hits=297 empty=0 fail=3
[08:44:09] HIT 55664EBDC4E0 点我刷新订单信息，一般2分钟左右刷新正常出资料，10分钟内都刷新不出或乱码，说明订单环节出错，请联系我们处理，请勿频繁点击
[08:44:11] HIT 5B57820E2753 点我刷新订单信息，一般2分钟左右刷新正常出资料，10分钟内都刷新不出或乱码，说明订单环节出错，请联系我们处理，请勿频繁点击
[08:44:12] progress 350/904 hits=346 empty=0 fail=4
[08:44:13] HIT 6200CC76F33B 点我刷新订单信息，一般2分钟左右刷新正常出资料，10分钟内都刷新不出或乱码，说明订单环节出错，请联系我们处理，请勿频繁点击
[08:44:15] HIT 6687C503C45D 点我刷新订单信息，一般2分钟左右刷新正常出资料，10分钟内都刷新不出或乱码，说明订单环节出错，请联系我们处理，请勿频繁点击
[08:44:16] progress 400/904 hits=396 empty=0 fail=4
[08:44:17] HIT 6E21735BDFA2 点我刷新订单信息，一般2分钟左右刷新正常出资料，10分钟内都刷新不出或乱码，说明订单环节出错，请联系我们处理，请勿频繁点击
[08:44:18] HIT 765274D163EC 点我刷新订单信息，一般2分钟左右刷新正常出资料，10分钟内都刷新不出或乱码，说明订单环节出错，请联系我们处理，请勿频繁点击
[08:44:20] progress 450/904 hits=444 empty=0 fail=6
[08:44:20] HIT 7CE645C72F98 点我刷新订单信息，一般2分钟左右刷新正常出资料，10分钟内都刷新不出或乱码，说明订单环节出错，请联系我们处理，请勿频繁点击
[08:44:22] HIT 8614CB244791 点我刷新订单信息，一般2分钟左右刷新正常出资料，10分钟内都刷新不出或乱码，说明订单环节出错，请联系我们处理，请勿频繁点击
[08:44:24] progress 500/904 hits=494 empty=0 fail=6
[08:44:24] HIT 8F70AE2F1ACB **--如果出现带*的可能是网络转码问题,请联系站内客服辅助换绑
[08:44:26] HIT 94B2983AD0FF 点我刷新订单信息，一般2分钟左右刷新正常出资料，10分钟内都刷新不出或乱码，说明订单环节出错，请联系我们处理，请勿频繁点击
[08:44:27] progress 550/904 hits=544 empty=0 fail=6
[08:44:28] HIT 9C47571F6004 点我刷新订单信息，一般2分钟左右刷新正常出资料，10分钟内都刷新不出或乱码，说明订单环节出错，请联系我们处理，请勿频繁点击
[08:44:30] HIT A61C49E6CB28 点我刷新订单信息，一般2分钟左右刷新正常出资料，10分钟内都刷新不出或乱码，说明订单环节出错，请联系我们处理，请勿频繁点击
[08:44:31] progress 600/904 hits=594 empty=0 fail=6
[08:44:32] HIT AC2EBC376A04 点我刷新订单信息，一般2分钟左右刷新正常出资料，10分钟内都刷新不出或乱码，说明订单环节出错，请联系我们处理，请勿频繁点击
[08:44:33] HIT B442173FEA71 请联系客服处理
[08:44:35] progress 650/904 hits=644 empty=0 fail=6
[08:44:35] HIT BAC6BE88FFF9 3906196050----dfh25632----COM90,158****5632----http://sms.newszfang.vip:3000/8NH
[08:44:37] HIT C408C36A1D16 点我刷新订单信息，一般2分钟左右刷新正常出资料，10分钟内都刷新不出或乱码，说明订单环节出错，请联系我们处理，请勿频繁点击
[08:44:39] progress 700/904 hits=694 empty=0 fail=6
[08:44:39] HIT CB5808C06E86 点我刷新订单信息，一般2分钟左右刷新正常出资料，10分钟内都刷新不出或乱码，说明订单环节出错，请联系我们处理，请勿频繁点击
[08:44:41] HIT D1678619D127 点我刷新订单信息，一般2分钟左右刷新正常出资料，10分钟内都刷新不出或乱码，说明订单环节出错，请联系我们处理，请勿频繁点击
[08:44:42] progress 750/904 hits=744 empty=0 fail=6
[08:44:43] HIT D6DC9E709D83 点我刷新订单信息，一般2分钟左右刷新正常出资料，10分钟内都刷新不出或乱码，说明订单环节出错，请联系我们处理，请勿频繁点击
[08:44:45] HIT DDF4291D1885 点我刷新订单信息，一般2分钟左右刷新正常出资料，10分钟内都刷新不出或乱码，说明订单环节出错，请联系我们处理，请勿频繁点击
[08:44:46] progress 800/904 hits=793 empty=0 fail=7
[08:44:47] HIT E51C7CA8067D 点我刷新订单信息，一般2分钟左右刷新正常出资料，10分钟内都刷新不出或乱码，说明订单环节出错，请联系我们处理，请勿频繁点击
[08:44:49] HIT EC42F75F16D8 点我刷新订单信息，一般2分钟左右刷新正常出资料，10分钟内都刷新不出或乱码，说明订单环节出错，请联系我们处理，请勿频繁点击
[08:44:50] progress 850/904 hits=842 empty=0 fail=8
[08:44:50] HIT F31AE7181208 点我刷新订单信息，一般2分钟左右刷新正常出资料，10分钟内都刷新不出或乱码，说明订单环节出错，请联系我们处理，请勿频繁点击
[08:44:52] HIT FB6CF7B21907 点我刷新订单信息，一般2分钟左右刷新正常出资料，10分钟内都刷新不出或乱码，说明订单环节出错，请联系我们处理，请勿频繁点击
[08:44:54] progress 900/904 hits=891 empty=0 fail=9
[08:44:54] progress 904/904 hits=895 empty=0 fail=9
[08:44:54] DONE {'target': 'https://2020999.cn/ → https://www.15118.cn/', 'framework': 'YKFAKA', 'vuln': 'POST Query.html value=null → Query_Km/{12hex}', 'ddids': 904, 'with_kami': 895, 'empty': 0, 'fail': 9, 'card_lines': 20745, 'ts': '2026-08-04T08:44:54Z'}
