===== AUTH MAP (GET key=) =====
tools_empty: {"code":-5,"msg":"确保各项不能为空"}
tools_test: {"code":-4,"msg":"API对接密钥错误，请在后台设置密钥"}
tools_post_test: {"code":-5,"msg":"确保各项不能为空"}
orders_test: {"code":-1,"message":"请提供用户登录信息或API对接密钥"}
orders_sign: {"code":-1,"message":"请提供用户登录信息或API对接密钥"}
search_nokey: {"code":-1,"message":"请提供用户登录信息或API对接密钥"}
search_key: {"code":-1,"message":"请提供用户登录信息或API对接密钥"}
change_test: {"code":-1,"message":"请提供用户登录信息或API对接密钥"}
clone_test: {"code":-4,"msg":"克隆密钥错误"}
token_test: {"code":-1,"msg":"Invalid key"}
goodsdetails: {"code":-1,"message":"商品ID不能为空"}
KEYLIST 200
WRONG_PROBE {"code":-4,"msg":"API对接密钥错误，请在后台设置密钥"}
wrong_sig API对接密钥错误
===== TOOLS KEY SPRAY =====
  progress 0/200 key='' sn='{"code":-5,"msg":"确保各项不能为空"}'
  progress 1/200 key='123456' sn='{"code":-4,"msg":"API对接密钥错误，请在后台设置密钥"}'
  progress 2/200 key='admin' sn='{"code":-4,"msg":"API对接密钥错误，请在后台设置密钥"}'
  progress 3/200 key='siye' sn='{"code":-4,"msg":"API对接密钥错误，请在后台设置密钥"}'
  progress 4/200 key='siye.lol' sn='{"code":-4,"msg":"API对接密钥错误，请在后台设置密钥"}'
  progress 40/200 key='mima' sn='{"code":-4,"msg":"API对接密钥错误，请在后台设置密钥"}'
  progress 80/200 key='siye.lol2026' sn='{"code":-4,"msg":"API对接密钥错误，请在后台设置密钥"}'
  progress 120/200 key='cafebabe' sn='{"code":-4,"msg":"API对接密钥错误，请在后台设置密钥"}'
  progress 160/200 key='rainbowapi' sn='{"code":-4,"msg":"API对接密钥错误，请在后台设置密钥"}'
===== CRON KEY =====
cron '': '监控密钥不正确'
cron '123456': '监控密钥不正确'
cron 'admin': '监控密钥不正确'
===== SYS_KEY SKEY FORGE =====
skey forge tested=156 hits=0
===== PATH / BACKUP FUZZ =====
P 403 /shop/config.php len=535 secret=False sn=<html> <head><title>403 Forbidden</title></head> <body> <center><h1>403 Forbidden</h1></center> <hr>
P 403 /shop/includes/config.php len=535 secret=False sn=<html> <head><title>403 Forbidden</title></head> <body> <center><h1>403 Forbidden</h1></center> <hr>
P 403 /shop/includes/common.php len=535 secret=False sn=<html> <head><title>403 Forbidden</title></head> <body> <center><h1>403 Forbidden</h1></center> <hr>
P 403 /shop/includes/authcode.php len=535 secret=False sn=<html> <head><title>403 Forbidden</title></head> <body> <center><h1>403 Forbidden</h1></center> <hr>
P 403 /shop/.env len=535 secret=False sn=<html> <head><title>403 Forbidden</title></head> <body> <center><h1>403 Forbidden</h1></center> <hr>
P 403 /shop/.git/HEAD len=535 secret=False sn=<html> <head><title>403 Forbidden</title></head> <body> <center><h1>403 Forbidden</h1></center> <hr>
P 403 /shop/.git/config len=535 secret=False sn=<html> <head><title>403 Forbidden</title></head> <body> <center><h1>403 Forbidden</h1></center> <hr>
P 403 /shop/backup.sql len=535 secret=False sn=<html> <head><title>403 Forbidden</title></head> <body> <center><h1>403 Forbidden</h1></center> <hr>
P 403 /shop/1.sql len=535 secret=False sn=<html> <head><title>403 Forbidden</title></head> <body> <center><h1>403 Forbidden</h1></center> <hr>
P 403 /shop/dump.sql len=535 secret=False sn=<html> <head><title>403 Forbidden</title></head> <body> <center><h1>403 Forbidden</h1></center> <hr>
P 403 /shop/db.sql len=535 secret=False sn=<html> <head><title>403 Forbidden</title></head> <body> <center><h1>403 Forbidden</h1></center> <hr>
P 403 /shop/data.sql len=535 secret=False sn=<html> <head><title>403 Forbidden</title></head> <body> <center><h1>403 Forbidden</h1></center> <hr>
P 403 /shop/shop.sql len=535 secret=False sn=<html> <head><title>403 Forbidden</title></head> <body> <center><h1>403 Forbidden</h1></center> <hr>
P 200 /shop/install/install.lock len=3 secret=False sn=安装锁
P 200 /shop/install/index.php len=68 secret=False sn=您已经安装过，如需重新安装请删除<font color=red> install/install.lock </font>文件后再安装！
P 403 /shop/includes/360safe len=535 secret=False sn=<html> <head><title>403 Forbidden</title></head> <body> <center><h1>403 Forbidden</h1></center> <hr>
P 403 /shop/other/usdt-trc20/.env len=535 secret=False sn=<html> <head><title>403 Forbidden</title></head> <body> <center><h1>403 Forbidden</h1></center> <hr>
P 200 /shop/user/ajax.php?act=login len=12 secret=False sn={"code":403}
P 200 /shop/toollogs.php len=7141 secret=False sn=<!DOCTYPE html> <html lang="en"> 	<head> 		<meta charset="utf-8" /> 		<meta name="viewport" content=
P 403 /shop/includes/ajax.php len=535 secret=False sn=<html> <head><title>403 Forbidden</title></head> <body> <center><h1>403 Forbidden</h1></center> <hr>
P 200 /shop/ajax.php?act=changelogs len=12 secret=False sn={"code":403}
P 200 /shop/%61pi.php?act=export len=27 secret=False sn={"code":-5,"msg":"No Act!"}
P 200 /shop/%61pi.php?act=dump len=27 secret=False sn={"code":-5,"msg":"No Act!"}
P 200 /shop/%61pi.php?act=getorder&id=1 len=27 secret=False sn={"code":-5,"msg":"No Act!"}
P 200 /shop/%61pi.php?act=list len=27 secret=False sn={"code":-5,"msg":"No Act!"}
P 200 /shop/%61pi.php?act=kami len=27 secret=False sn={"code":-5,"msg":"No Act!"}
P 200 /shop/%61pi.php?act=card len=27 secret=False sn={"code":-5,"msg":"No Act!"}
P 403 /shop/assets/../includes/config.php len=535 secret=False sn=<html> <head><title>403 Forbidden</title></head> <body> <center><h1>403 Forbidden</h1></center> <hr>
P 403 /shop/web.config len=535 secret=False sn=<html> <head><title>403 Forbidden</title></head> <body> <center><h1>403 Forbidden</h1></center> <hr>
===== EXTRA AJAX ACTS =====
ACT cancel: {"code":-1,"msg":"CSRF token验证失败，请刷新页面重试"}
ACT get: {"code":-1,"msg":"CSRF token验证失败，请刷新页面重试"}
ACT send: {"code":-1,"msg":"CSRF token验证失败，请刷新页面重试"}
ACT changelogs: {"code":-1,"msg":"CSRF token验证失败，请刷新页面重试"}
ACT cart_add: {"code":-1,"msg":"CSRF token验证失败，请刷新页面重试"}
ACT payrmb: {"code":-1,"msg":"CSRF token验证失败，请刷新页面重试"}
ACT recharge: {"code":-1,"msg":"CSRF token验证失败，请刷新页面重试"}
ACT invite: {"code":-1,"msg":"CSRF token验证失败，请刷新页面重试"}
ACT gift_start: {"code":-2,"msg":"网站未开启抽奖功能"}
ACT connect: {"code":-1,"msg":"CSRF token验证失败，请刷新页面重试"}
ACT qrlogin: {"code":-1,"msg":"CSRF token验证失败，请刷新页面重试"}
ACT gettool: {"code":-1,"msg":"参数错误"}
ACT updatestatus: {"code":-1,"msg":"CSRF token验证失败，请刷新页面重试"}
ACT notify: {"code":-1,"msg":"CSRF token验证失败，请刷新页面重试"}
ACT epay_notify: {"code":-1,"msg":"CSRF token验证失败，请刷新页面重试"}
ACT budan: {"code":-1,"msg":"CSRF token验证失败，请刷新页面重试"}
ACT refund: {"code":-1,"msg":"CSRF token验证失败，请刷新页面重试"}
ACT complaint: {"code":-1,"msg":"CSRF token验证失败，请刷新页面重试"}
ACT workorder: {"code":-1,"msg":"CSRF token验证失败，请刷新页面重试"}
toollogs 7141 False False []