PROXY=http://C413ED6D:344F550A6F8B@223.111.202.76:13872
WARM=200
goods 83
instock 16
1 2.00 6515 10位数 绑微信或授权专用-只有账号密码-8年Q龄以上-包能绑上-质保到手密码正确
2 2.50 6668 9位数 绑微信或授权专用-只有账号密码-8年Q龄以上-包能绑上-质保到手密码正确
3 8.00 767 8位数 绑微信或授权专用-只有账号密码-8年Q龄以上-包能绑上-质保到手密码正确
4 15.00 481 7位数 绑微信或授权专用-只有账号密码-8年Q龄以上-包能绑上-质保到手密码正确
5 40.00 87 6位数 绑微信或授权专用-只有账号密码-8年Q龄以上-包能绑上-质保到手密码正确
77 50.00 21 【地推私人星星】统一密码 高Q龄 0抢登 包功能正常 包当天密错找回 可GUID登录云机
78 55.00 14 【地推私人月亮】统一密码 高Q龄 0抢登 包功能正常 包当天密错找回 可GUID登录云机
93 60.00 246 【地推私人星星 包100%上手机】统一密码 高Q龄 0抢登 包功能正常 包当天密错找回
94 68.00 28 【地推私人月亮 包100%上手机】统一密码 高Q龄 0抢登 包功能正常 包当天密错找回
79 70.00 7 【地推私人单太】统一密码 高Q龄 0抢登 包功能正常 包当天密错找回 可GUID登录云机
TID=1
{"code":0,"yxts":1389,"orders":"34459","orders1":"34459","orders2":"61","money":4868245.96,"money1":8952,"site":"387","gift":null,"cart_count":"0"}
===== oracles =====
CSRF=632061316d2ea8389c5b7a62d290d1ae1f0cfccb70136be89603f637b02a1eaa
tools [] => {"code":-5,"msg":"确保各项不能为空"}
tools [test] => {"code":-4,"msg":"API对接密钥错误，请在后台设置密钥"}
tools [123456] => {"code":-4,"msg":"API对接密钥错误，请在后台设置密钥"}
tools [9999] => {"code":-4,"msg":"API对接密钥错误，请在后台设置密钥"}
tools [laowang] => {"code":-4,"msg":"API对接密钥错误，请在后台设置密钥"}
tools [haowang] => {"code":-4,"msg":"API对接密钥错误，请在后台设置密钥"}
tools [admin] => {"code":-4,"msg":"API对接密钥错误，请在后台设置密钥"}
token => {"code":-1,"msg":"Invalid key"}
clone => {"code":-4,"msg":"克隆密钥错误"}
cron => 监控密钥不正确
card => {"code":-1,"msg":"此卡密不存在！"}
BUY:200
csrf True hs True len 31282
input ['取卡密码']
PAY={"code":0,"msg":"\u63d0\u4ea4\u8ba2\u5355\u6210\u529f\uff01","trade_no":"20260803121341437","need":null,"gn_usdt":"1","gm_usdt":"1","pay_alipay":"0","pay_wxpay":"0","pay_qqpay":"1","pay_rmb":null,"user_rmb":null,"paymsg":"<hr\/>\u5c0f\u63d0\u793a\uff1a<b style=\"color:red\">\u5982\u679c\u5fae\u4fe1\u51fa\u73b0\u65e0\u6cd5\u4ed8\u6b3e\u65f6\uff0c\u60a8\u53ef\u4ee5\u628a\u5fae\u4fe1\u7684\u94b1\u8f6c\u5230QQ\u91cc\uff0c\u7136\u540e\u4f7f\u7528QQ\u94b1\u5305\u652f\u4ed8\uff01<a href=\".\/?mod=wx\" target=\"_blank\">\u70b9\u51fb\u67e5\u770b\u6559\u7a0b<\/a><\/b>"}
TN=20260803121341437 INPUT=t9999121339
getshop => {"code":-1,"msg":"未付款"}
fake => {"code":-1,"msg":"未付款"}
usdt_closed True len 801
Taddr []
MCHID ['MCHID_NOT_EXIST]', 'MCHID_NOT_EXIST']
err ['失败']
submit alipay => <!DOCTYPE html> <html> <head>     <meta http-equiv="Content-Type" content="text/html; charset=utf-8"/>     <meta name="viewport" content="width=device-width, in
submit wxpay => <!DOCTYPE html> <html> <head>     <meta http-equiv="Content-Type" content="text/html; charset=utf-8"/>     <meta name="viewport" content="width=device-width, in
submit qqpay => <!DOCTYPE html> <html> <head>     <meta http-equiv="Content-Type" content="text/html; charset=utf-8"/>     <meta name="viewport" content="width=device-width, in
submit usdt => <!DOCTYPE html> <html> <head>     <meta http-equiv="Content-Type" content="text/html; charset=utf-8"/>     <meta name="viewport" content="width=device-width, in
ajax query HTTP500 
ajax query HTTP500 
mod=query exact HTTP=200 SO [] empty True
login:200
{"success":1,"gt":"a1017fd4951689c5d20317c165c1c318","challenge":"b1fcb82eaa615476c77e1af1967a1f8b","new_captcha":1}
https://9999.tax/admin/ => 404
https://9999.tax/install/ => 200
https://9999.tax/toollogs.php => 200
sitename 老王-游戏小号批发 build 2022-10-15
tg ['t.me/quq18', '@quq18', 't.me/ytt18', '@ytt18', 't.me/laowanqq', '@laowanqq']
Taddr []
USDT False
P2DONE
