orders=5735 site=435 range=5735->5535
progress id=5720 hits=0
progress id=5700 hits=0
progress id=5680 hits=0
progress id=5660 hits=0
err 5649: HTTPSConnectionPool(host='xinhe001.lol', port=443): Max retries exceeded with url: /shop/ajax.php?act=order (Caused by ProxyError('Unable to connect to proxy', RemoteDisconnected('Remote end closed connection without response')))
progress id=5640 hits=0
err 5632: HTTPSConnectionPool(host='xinhe001.lol', port=443): Read timed out. (read timeout=14)
Traceback (most recent call last):
  File "/usr/local/lib/python3.12/dist-packages/urllib3/connectionpool.py", line 773, in urlopen
    self._prepare_proxy(conn)
  File "/usr/local/lib/python3.12/dist-packages/urllib3/connectionpool.py", line 1042, in _prepare_proxy
    conn.connect()
  File "/usr/local/lib/python3.12/dist-packages/urllib3/connection.py", line 776, in connect
    self._tunnel()
  File "/usr/lib/python3.12/http/client.py", line 989, in _tunnel
    (version, code, message) = response._read_status()
                               ^^^^^^^^^^^^^^^^^^^^^^^
  File "/usr/lib/python3.12/http/client.py", line 297, in _read_status
    line = str(self.fp.readline(_MAXLINE + 1), "iso-8859-1")
               ^^^^^^^^^^^^^^^^^^^^^^^^^^^^^^
  File "/usr/lib/python3.12/socket.py", line 707, in readinto
    return self._sock.recv_into(b)
           ^^^^^^^^^^^^^^^^^^^^^^^
TimeoutError: timed out

The above exception was the direct cause of the following exception:

Traceback (most recent call last):
  File "/usr/local/lib/python3.12/dist-packages/requests/adapters.py", line 645, in send
    resp = conn.urlopen(
           ^^^^^^^^^^^^^
  File "/usr/local/lib/python3.12/dist-packages/urllib3/connectionpool.py", line 841, in urlopen
    retries = retries.increment(
              ^^^^^^^^^^^^^^^^^^
  File "/usr/local/lib/python3.12/dist-packages/urllib3/util/retry.py", line 490, in increment
    raise reraise(type(error), error, _stacktrace)
          ^^^^^^^^^^^^^^^^^^^^^^^^^^^^^^^^^^^^^^^^
  File "/usr/local/lib/python3.12/dist-packages/urllib3/util/util.py", line 39, in reraise
    raise value
  File "/usr/local/lib/python3.12/dist-packages/urllib3/connectionpool.py", line 775, in urlopen
    self._raise_timeout(
  File "/usr/local/lib/python3.12/dist-packages/urllib3/connectionpool.py", line 367, in _raise_timeout
    raise ReadTimeoutError(
urllib3.exceptions.ReadTimeoutError: HTTPSConnectionPool(host='xinhe001.lol', port=443): Read timed out. (read timeout=14)

During handling of the above exception, another exception occurred:

Traceback (most recent call last):
  File "/workspace/xinhe001_skey_brute.py", line 115, in main
    r = s.post(
        ^^^^^^^
  File "/usr/local/lib/python3.12/dist-packages/requests/sessions.py", line 640, in post
    return self.request("POST", url, data=data, json=json, **kwargs)
           ^^^^^^^^^^^^^^^^^^^^^^^^^^^^^^^^^^^^^^^^^^^^^^^^^^^^^^^^^
  File "/usr/local/lib/python3.12/dist-packages/requests/sessions.py", line 592, in request
    resp = self.send(prep, **send_kwargs)
           ^^^^^^^^^^^^^^^^^^^^^^^^^^^^^^
  File "/usr/local/lib/python3.12/dist-packages/requests/sessions.py", line 706, in send
    r = adapter.send(request, **kwargs)
        ^^^^^^^^^^^^^^^^^^^^^^^^^^^^^^^
  File "/usr/local/lib/python3.12/dist-packages/requests/adapters.py", line 691, in send
    raise ReadTimeout(e, request=request)
requests.exceptions.ReadTimeout: HTTPSConnectionPool(host='xinhe001.lol', port=443): Read timed out. (read timeout=14)

During handling of the above exception, another exception occurred:

Traceback (most recent call last):
  File "/usr/local/lib/python3.12/dist-packages/urllib3/connectionpool.py", line 773, in urlopen
    self._prepare_proxy(conn)
  File "/usr/local/lib/python3.12/dist-packages/urllib3/connectionpool.py", line 1042, in _prepare_proxy
    conn.connect()
  File "/usr/local/lib/python3.12/dist-packages/urllib3/connection.py", line 776, in connect
    self._tunnel()
  File "/usr/lib/python3.12/http/client.py", line 989, in _tunnel
    (version, code, message) = response._read_status()
                               ^^^^^^^^^^^^^^^^^^^^^^^
  File "/usr/lib/python3.12/http/client.py", line 297, in _read_status
    line = str(self.fp.readline(_MAXLINE + 1), "iso-8859-1")
               ^^^^^^^^^^^^^^^^^^^^^^^^^^^^^^
  File "/usr/lib/python3.12/socket.py", line 707, in readinto
    return self._sock.recv_into(b)
           ^^^^^^^^^^^^^^^^^^^^^^^
TimeoutError: timed out

The above exception was the direct cause of the following exception:

Traceback (most recent call last):
  File "/usr/local/lib/python3.12/dist-packages/requests/adapters.py", line 645, in send
    resp = conn.urlopen(
           ^^^^^^^^^^^^^
  File "/usr/local/lib/python3.12/dist-packages/urllib3/connectionpool.py", line 841, in urlopen
    retries = retries.increment(
              ^^^^^^^^^^^^^^^^^^
  File "/usr/local/lib/python3.12/dist-packages/urllib3/util/retry.py", line 490, in increment
    raise reraise(type(error), error, _stacktrace)
          ^^^^^^^^^^^^^^^^^^^^^^^^^^^^^^^^^^^^^^^^
  File "/usr/local/lib/python3.12/dist-packages/urllib3/util/util.py", line 39, in reraise
    raise value
  File "/usr/local/lib/python3.12/dist-packages/urllib3/connectionpool.py", line 775, in urlopen
    self._raise_timeout(
  File "/usr/local/lib/python3.12/dist-packages/urllib3/connectionpool.py", line 367, in _raise_timeout
    raise ReadTimeoutError(
urllib3.exceptions.ReadTimeoutError: HTTPSConnectionPool(host='xinhe001.lol', port=443): Read timed out. (read timeout=20)

During handling of the above exception, another exception occurred:

Traceback (most recent call last):
  File "/workspace/xinhe001_skey_brute.py", line 180, in <module>
    main()
  File "/workspace/xinhe001_skey_brute.py", line 133, in main
    s.get(BASE, timeout=20)
  File "/usr/local/lib/python3.12/dist-packages/requests/sessions.py", line 605, in get
    return self.request("GET", url, **kwargs)
           ^^^^^^^^^^^^^^^^^^^^^^^^^^^^^^^^^^
  File "/usr/local/lib/python3.12/dist-packages/requests/sessions.py", line 592, in request
    resp = self.send(prep, **send_kwargs)
           ^^^^^^^^^^^^^^^^^^^^^^^^^^^^^^
  File "/usr/local/lib/python3.12/dist-packages/requests/sessions.py", line 706, in send
    r = adapter.send(request, **kwargs)
        ^^^^^^^^^^^^^^^^^^^^^^^^^^^^^^^
  File "/usr/local/lib/python3.12/dist-packages/requests/adapters.py", line 691, in send
    raise ReadTimeout(e, request=request)
requests.exceptions.ReadTimeout: HTTPSConnectionPool(host='xinhe001.lol', port=443): Read timed out. (read timeout=20)
