PROXY=http://C413ED6D:344F550A6F8B@222.139.246.5:17562
WARM=200
===== DNS =====
45.158.21.213   qx138888.top
103.43.11.95    qx138888.top
===== fingerprint =====
len 38183
title 自动发卡
assets/faka => ['assets/faka']
csrf_token => ['csrf_token']
t\.me/[A-Za-z0-9_]+ => ['t.me/qx11888']
@[A-Za-z0-9_]{4,} => ['@QX13888', '@zl11888', '@media', '@keyframes']
===== getcount / api =====
{"code":0,"yxts":276,"orders":"6","orders1":"6","orders2":"0","money":1446,"money1":0,"site":"1","gift":null,"cart_count":"0"}
--- siteinfo ---
{"sitename":"\u81ea\u52a8\u53d1\u5361","kfqq":"@QX13888","anounce":"<p>\r\n\t<br \/>\r\n<\/p>\r\n<h3 style=\"text-align:center;\">\r\n\t<span style=\"background-color:#FFFFFF;color:#E53333;\"><strong>\u552f\u4e00\u5728\u7ebf\u98de\u673a\u5ba2\u670d\uff1a@QX13888\u5176\u4ed6\u5747\u4e3a\u9a97\u5b50<br \/>\r\n<\/strong><\/span><span style=\"background-color:#FFFFFF;color:#E53333;\"><strong>\u552f\u4
--- classlist ---
{"code":0,"msg":"succ","data":[{"cid":"1","zid":"1","pid":"0","sort":"1","name":"                       \u552f\u4e00\u5730\u5740","shopimg":null,"block":null,"blockpay":null,"active":"1"},{"cid":"8","zid":"1","pid":"0","sort":"8","name":"\u5305\u5b89\u5353\u767e\u5206\u767e\u6709\u7801\u3010\u5730\u63a8\u79c1\u4eba\u626b\u7801\u8001\u53f7 100%\u53ef\u4e0a\u624b\u673a\u3011\uff0c\u82f9\u679c\u4e0d\
--- goodslist ---
{"code":0,"data":[{"tid":"14","cid":"1","name":"TXYZUUAFHPWk3UhTZS4KPnnKqQNDm8Rsn2","shopimg":"","close":"0","price":"8888.88","isfaka":0,"stock":null},{"tid":"1","cid":"8","name":"\u2605\u2605\u2605\u2605\u79c1\u4eba\u5730\u63a8\u673a\u5668\u4eba\u626b\u7801\u8001\u53f7\u5305\u4e0a\u624b\u673a----\u661f\u661f----\u5237\u673a--\u7528\u56fd\u5185\u7f51----\u8d28\u91cf\u5168\u7f51\u6700\u786c","shop
api.php => |000
===== SUCCESS qd93 =====
data=1 HTTP=200 showOrder=0 faka=0 empty=True
data=2 HTTP=200 showOrder=0 faka=0 empty=True
data=0 HTTP=200 showOrder=0 faka=0 empty=False
data=00 HTTP=200 showOrder=0 faka=0 empty=True
data=01 HTTP=200 showOrder=0 faka=0 empty=True
data=12 HTTP=200 showOrder=0 faka=0 empty=True
data=88 HTTP=200 showOrder=0 faka=0 empty=True
data=99 HTTP=200 showOrder=0 faka=0 empty=True
data=138 HTTP=200 showOrder=0 faka=0 empty=True
data=1388 HTTP=200 showOrder=0 faka=0 empty=True
data=138888 HTTP=200 showOrder=0 faka=0 empty=True
data=2026 HTTP=200 showOrder=0 faka=0 empty=True
data=202608 HTTP=200 showOrder=0 faka=0 empty=True
data=150 HTTP=200 showOrder=0 faka=0 empty=True
data=188 HTTP=200 showOrder=0 faka=0 empty=True
===== SUCCESS 79yj search =====
search 1 => {"code":-1,"message":"请提供用户登录信息或API对接密钥"}
search 10 => {"code":-1,"message":"请提供用户登录信息或API对接密钥"}
search 100 => {"code":-1,"message":"请提供用户登录信息或API对接密钥"}
search 500 => {"code":-1,"message":"请提供用户登录信息或API对接密钥"}
search 1000 => {"code":-1,"message":"请提供用户登录信息或API对接密钥"}
search 2000 => {"code":-1,"message":"请提供用户登录信息或API对接密钥"}
search 5000 => {"code":-1,"message":"请提供用户登录信息或API对接密钥"}
api.php search => |000
===== SUCCESS YKFAKA =====
https://qx138888.top/Get_Yk_KC.html?gid=1 => 404
https://qx138888.top/Query_Km/1 => 000
https://qx138888.top/shop/Get_Yk_KC.html?gid=1 => 000
https://qx138888.top/shop/Query_Km/1 => 000
===== oracles =====
CSRF=6816e4f649709032ba9c362b2c7ebeb4cf3711ebb4162a66d50a91ac6eac2d4d
PROXY=http://C413ED6D:344F550A6F8B@219.131.214.253:19741
tools [] => {"code":-5,"msg":"确保各项不能为空"}
tools [x] => {"code":-4,"msg":"API对接密钥错误，请在后台设置密钥"}
tools [test] => {"code":-4,"msg":"API对接密钥错误，请在后台设置密钥"}
tools [123456] => {"code":-4,"msg":"API对接密钥错误，请在后台设置密钥"}
tools [qx138888] => {"code":-4,"msg":"API对接密钥错误，请在后台设置密钥"}
tools [138888] => {"code":-4,"msg":"API对接密钥错误，请在后台设置密钥"}
tools [admin] => {"code":-4,"msg":"API对接密钥错误，请在后台设置密钥"}
token => {"code":-1,"msg":"Invalid key"}
clone => {"code":-4,"msg":"克隆密钥错误"}
cron => 监控密钥不正确
card => {"code":-1,"msg":"此卡密不存在！"}
gift => {"code":-2,"msg":"网站未开启抽奖功能"}
===== goods / siteinfo =====
sitename 自动发卡 build 2025-11-01 kfqq @QX13888
tg ['@QX13888', '@zl11888', 't.me/qx11888']
Taddr []
goods 13
instock 2
1 60.00 19 ★★★★私人地推机器人扫码老号包上手机----星星----刷机--用国内网----质量全网
5 70.00 20 ★★★★私人地推机器人扫码老号包上手机----月亮----刷机--用国内网----质量全网
===== pay tid=1 =====
PROXY=http://C413ED6D:344F550A6F8B@114.219.55.191:16458
BUY:200
csrf True hs True len 30807
PAY={"code":0,"msg":"\u63d0\u4ea4\u8ba2\u5355\u6210\u529f\uff01","trade_no":"20260803123045543","need":null,"gn_usdt":"1","gm_usdt":"1","pay_alipay":"0","pay_wxpay":"0","pay_qqpay":"1","pay_rmb":null,"user_rmb":null,"paymsg":"<hr\/>\u5c0f\u63d0\u793a\uff1a<b style=\"color:red\">\u5982\u679c\u5fae\u4fe1\u51fa\u73b0\u65e0\u6cd5\u4ed8\u6b3e\u65f6\uff0c\u60a8\u53ef\u4ee5\u628a\u5fae\u4fe1\u7684\u94b1\u8f6c\u5230QQ\u91cc\uff0c\u7136\u540e\u4f7f\u7528QQ\u94b1\u5305\u652f\u4ed8\uff01<a href=\".\/?mod=wx\" target=\"_blank\">\u70b9\u51fb\u67e5\u770b\u6559\u7a0b<\/a><\/b>"}
TN=20260803123045543 INPUT=qx138123043
===== post-order =====
getshop => {"code":-1,"msg":"未付款"}
fake => {"code":-1,"msg":"未付款"}
submit usdt closed True len 801
submit alipay closed True len 801
submit wxpay closed True len 801
MCHID ['MCHID_NOT_EXIST]', 'MCHID_NOT_EXIST']
ajax query HTTP500 
ajax query HTTP500 
mod=query exact HTTP=200 SO [] empty True
===== login / paths =====
login:200
{"success":1,"gt":"a1017fd4951689c5d20317c165c1c318","challenge":"22382af0ab0504cb2e9ad4ec9c9c1f5b","new_captcha":1}
https://qx138888.top/shop/admin/ => 404
https://qx138888.top/shop/install/ => 200
https://qx138888.top/shop/toollogs.php => 200
===== RECON DONE =====
