value='null' http=200 bytes=2670485 km=904 t=1.1s sample=['Query_Km/002B7EBF6ED0', 'Query_Km/002E2984F981', 'Query_Km/002F88D532D4']
value='NULL' http=200 bytes=2670485 km=904 t=0.7s sample=['Query_Km/002B7EBF6ED0', 'Query_Km/002E2984F981', 'Query_Km/002F88D532D4']
value='Null' http=200 bytes=2670485 km=904 t=0.7s sample=['Query_Km/002B7EBF6ED0', 'Query_Km/002E2984F981', 'Query_Km/002F88D532D4']
value='' http=200 bytes=1994 km=0 t=0.3s sample=[]
value='undefined' http=200 bytes=1962 km=0 t=0.3s sample=[]
value='None' http=200 bytes=1962 km=0 t=0.3s sample=[]
value='*' http=200 bytes=1963 km=0 t=0.3s sample=[]
value='%' http=200 bytes=1963 km=0 t=0.3s sample=[]
value='_' http=200 bytes=1962 km=0 t=0.3s sample=[]
value='1' http=200 bytes=1962 km=0 t=0.3s sample=[]
value='0' http=200 bytes=1994 km=0 t=0.3s sample=[]
value='true' http=200 bytes=1962 km=0 t=0.3s sample=[]
value='false' http=200 bytes=1962 km=0 t=0.3s sample=[]
value='[]' http=200 bytes=1963 km=0 t=0.3s sample=[]
value='{}' http=200 bytes=1963 km=0 t=0.3s sample=[]
value='or 1=1' http=200 bytes=1963 km=0 t=0.3s sample=[]
value="'or'1'='1" http=200 bytes=1963 km=0 t=0.3s sample=[]
GET /Query.html?value=null&page=1 http=200 bytes=7686 km=0
GET /Query.html?value=null http=200 bytes=7686 km=0
GET /Gd_Query.html http=200 bytes=7031 km=0
Query_Km/1 http=200 bytes=1965 cardish=False title=跳转提示
Query_Km/100 http=200 bytes=1965 cardish=False title=跳转提示
Query_Km/904 http=200 bytes=1965 cardish=False title=跳转提示
Query_Km/1000 http=200 bytes=1965 cardish=False title=跳转提示
DONE /workspace/2020999/results/null_probe_summary.json
