PROXY=61.143.39.166:19741
CSRF=3fa7a02927a6a057a4f1731979a708d0d6dcfa78061d544e8f53a9679e810281
=== confirm query 500 with csrf ===
HTTP/1.1 200 Connection established

HTTP/1.1 200 OK
Date: Mon, 03 Aug 2026 03:26:23 GMT
Content-Type: application/json; charset=UTF-8
Transfer-Encoding: chunked
Connection: keep-alive
Vary: Accept-Encoding
Vary: Accept-Encoding
X-Frame-Options: SAMEORIGIN
X-Content-Type-Options: nosniff
X-XSS-Protection: 1; mode=block
Referrer-Policy: strict-origin-when-cross-origin
Permissions-Policy: geolocation=(), microphone=(), camera=()
Strict-Transport-Security: max-age=31536000; includeSubDomains; preload
Expires: Thu, 19 Nov 1981 08:52:00 GMT
Cache-Control: no-store, no-cache, must-revalidate
Pragma: no-cache
X-Frame-Options: SAMEORIGIN
X-Content-Type-Options: nosniff
X-XSS-Protection: 1; mode=block
Referrer-Policy: strict-origin-when-cross-origin
Permissions-Policy: geolocation=(), microphone=(), camera=()
Strict-Transport-Security: max-age=31536000
Alt-Svc: quic=":443"; h3=":443"; h3-29=":443"; h3-27=":443";h3-25=":443"; h3-T050=":443"; h3-Q050=":443";h3-Q049=":443";h3-Q048=":443"; h3-Q046=":443"; h3-Q043=":443"
Server: cdn
X-Cache-Status: MISS


HTTP200
BODY:
00000000: 7b22 636f 6465 223a 3430 337d            {"code":403}
{"code":403}
=== act=order with trade_no / id guesses ===
order id=6358 skey=test => {"code":403}|200
order id=6358 skey= => {"code":403}|200
order id=6358 skey=aabbcc => {"code":403}|200
order id=6359 skey=test => {"code":403}|200
order id=6359 skey= => {"code":403}|200
order id=6359 skey=aabbcc => {"code":403}|200
order id=6360 skey=test => {"code":403}|200
order id=6360 skey= => {"code":403}|200
order id=6360 skey=aabbcc => {"code":403}|200
order id=1 skey=test => {"code":403}|200
order id=1 skey= => {"code":403}|200
order id=1 skey=aabbcc => {"code":403}|200
order id=6357 skey=test => {"code":403}|200
order id=6357 skey= => {"code":403}|200
order id=6357 skey=aabbcc => {"code":403}|200
order id=7000 skey=test => {"code":403}|200
order id=7000 skey= => {"code":403}|200
order id=7000 skey=aabbcc => {"code":403}|200
=== api tools empty vs wrong ===
goods key=[] => {"code":-5,"msg":"No Act!"}
goods key=[x] => {"code":-5,"msg":"No Act!"}
goods key=[test] => {"code":-5,"msg":"No Act!"}
goods key=[123456] => {"code":-5,"msg":"No Act!"}
goods key=[yedao] => {"code":-5,"msg":"No Act!"}
goods key=[yedaoqq] => {"code":-5,"msg":"No Act!"}
goods key=[admin] => {"code":-5,"msg":"No Act!"}
=== cron ===
cron [] => 监控密钥不正确
cron [test] => 监控密钥不正确
cron [123456] => 监控密钥不正确
cron [yedao] => 监控密钥不正确
cron [admin] => 监控密钥不正确
cron [cron] => 监控密钥不正确
cron [monitor] => 监控密钥不正确
=== clone ===
clone [test] => {"code":-4,"msg":"克隆密钥错误"}
clone [123456] => {"code":-4,"msg":"克隆密钥错误"}
clone [yedao] => {"code":-4,"msg":"克隆密钥错误"}
clone [clone] => {"code":-4,"msg":"克隆密钥错误"}
=== token ===
token [test] => {"code":-1,"msg":"Invalid key"}
token [123456] => {"code":-1,"msg":"Invalid key"}
=== source query check ===
