PROXY=223.111.202.97:16375
data=20260803112308729 len 29931 showOrder [] faka [] True False
  iv class="title">请输入订单号，交易单号，手机号查询</div>
  ta" placeholder="请输入订单号或填写的联系方式查询" value="20260803112308729"/></div>
  "text-align:center">状态</th>
  <span class="empty">没有查询到数据</span></td> </tbody></table><br/> <div class
  tem" data-question="订单号怎么查看?">订单号怎么查看?</div>
  t-msg-bubble">请您直接提供订单号哦,提供订单号+问题优先回复</span>
data=20260803112820111 len 29931 showOrder [] faka [] True False
  iv class="title">请输入订单号，交易单号，手机号查询</div>
  ta" placeholder="请输入订单号或填写的联系方式查询" value="20260803112820111"/></div>
  "text-align:center">状态</th>
  <span class="empty">没有查询到数据</span></td> </tbody></table><br/> <div class
  tem" data-question="订单号怎么查看?">订单号怎么查看?</div>
  t-msg-bubble">请您直接提供订单号哦,提供订单号+问题优先回复</span>
data=yedao112305 len 29919 showOrder [] faka [] True False
  iv class="title">请输入订单号，交易单号，手机号查询</div>
  ta" placeholder="请输入订单号或填写的联系方式查询" value="yedao112305"/></div>
  "text-align:center">状态</th>
  <span class="empty">没有查询到数据</span></td> </tbody></table><br/> <div class
  tem" data-question="订单号怎么查看?">订单号怎么查看?</div>
  t-msg-bubble">请您直接提供订单号哦,提供订单号+问题优先回复</span>
data=yedao112819 len 29919 showOrder [] faka [] True False
  iv class="title">请输入订单号，交易单号，手机号查询</div>
  ta" placeholder="请输入订单号或填写的联系方式查询" value="yedao112819"/></div>
  "text-align:center">状态</th>
  <span class="empty">没有查询到数据</span></td> </tbody></table><br/> <div class
  tem" data-question="订单号怎么查看?">订单号怎么查看?</div>
  t-msg-bubble">请您直接提供订单号哦,提供订单号+问题优先回复</span>
path /user/login => 404
path /admin/ => 404
path /install/ => 200
path /Get_Yk_KC.html?gid=1 => 404
