PROXY=
PROXY=http://C413ED6D:344F550A6F8B@125.89.41.148:19741
WARM=200 len=78
PROXY=http://C413ED6D:344F550A6F8B@125.89.41.148:19741
WARM=200 len=51859
title 钱哥 源头QQ批发
csrf True
faka True
snip <!DOCTYPE html> <html> <head> <meta http-equiv="Content-Type" content="text/html; charset=utf-8" /> <meta name="viewport" content="width=device-width,initial-scale=1,maximum-scale=1,user-scalable=no"/
{"code":0,"yxts":85,"orders":"386","orders1":"386","orders2":"20","money":207038,"money1":5685,"site":"25","gift":null,"cart_count":null}
tools [] => {"code":-5,"msg":"确保各项不能为空"}
tools [test] => {"code":-4,"msg":"API对接密钥错误，请在后台设置密钥"}
tools [qiange8] => {"code":-4,"msg":"API对接密钥错误，请在后台设置密钥"}
tools [123456] => {"code":-4,"msg":"API对接密钥错误，请在后台设置密钥"}
clone => {"code":-4,"msg":"克隆密钥错误"}
cron => 监控密钥不正确
BUY:200 len:32722
csrf True hs True len 30739 input ['取卡密码']
HS_len=32 CSRF_len=64
PAY_ATTEMPT1={"code":0,"msg":"\u63d0\u4ea4\u8ba2\u5355\u6210\u529f\uff01","trade_no":"20260803125721600","need":null,"gn_usdt":"1","gm_usdt":"1","pay_alipay":"0","pay_wxpay":"0","pay_qqpay":"1","pay_rmb":null,"user_rmb":null,"paymsg":"<hr\/>\u5c0f\u63d0\u793a\uff1a<b style=\"color:red\">\u5982\u679c\u5fae\u4fe1\u51fa\u73b0\u65e0\u6cd5\u4ed8\u6b3e\u65f6\uff0c\u60a8\u53ef\u4ee5\u628a\u5fae\u4fe1\u7684\u94b1\u8f6c\u5230QQ\u91cc\uff0c\u7136\u540e\u4f7f\u7528QQ\u94b1\u5305\u652f\u4ed8\uff01<a href=\".\/?mod=wx\" target=\"_blank\">\u70b9\u51fb\u67e5\u770b\u6559\u7a0b<\/a><\/b>"}
TN=20260803125721600 INPUT=qiange125720
getshop => {"code":-1,"msg":"未付款"}
submit usdt True False len 801 family: Arial         }     </style> </head> <body> 该支付方式已关闭
submit alipay True False len 801 family: Arial         }     </style> </head> <body> 该支付方式已关闭
submit wxpay True False len 801 family: Arial         }     </style> </head> <body> 该支付方式已关闭
MCHID ['MCHID_NOT_EXIST]', 'MCHID_NOT_EXIST']
err ['失败']
query HTTP500 
query HTTP500 
query HTTP500 
mod=query exact HTTP=200 SO [] empty True
login:200
{"success":1,"gt":"a1017fd4951689c5d20317c165c1c318","challenge":"043de00be7b63ccbcce30259dc1ad626","new_captcha":1}
sitename 钱哥 源头QQ批发 build 2026-05-11 kfqq ✈@qiange8
tg ['@qiange8', '@qiange8', '@qiange8', 't.me/qiange188', '@qiange8']
Taddr []
USDT False
P2DONE
