VAL 1e34ef43fac8654fe9ab ... 64
challenge True len 2634
setting time=1
pass1 code=302 size=0 redirect=http://qqq.lc/user/login.php
HTTP/2 302 
date: Mon, 03 Aug 2026 07:32:06 GMT
content-type: text/html; charset=UTF-8
location: http://qqq.lc/user/login.php
server: cloudflare
nel: {"report_to":"cf-nel","success_fraction":0.0,"max_age":604800}
expires: Thu, 19 Nov 1981 08:52:00 GMT
cache-control: no-store, no-cache, must-revalidate
pragma: no-cache
set-cookie: sec_token_time=0; expires=Tue, 04-Aug-2026 07:29:56 GMT; Max-Age=86400
set-cookie: mysid=f9f8ba254c998b5dc282a18259b979ec; expires=Wed, 02-Sep-2026 07:29:56 GMT; Max-Age=2592000; path=/
cf-cache-status: DYNAMIC
report-to: {"group":"cf-nel","max_age":604800,"endpoints":[{"url":"https://a.nel.cloudflare.com/report/v4?s=4jTqKL0uWfb%2FtvmkslvNMSATHeZ%2FfAAKAgx6Y%2BHIVILp6z9DSWb2OWDF9D1hlDf0TM3HzqBxlX9rVgxUhGnt3wJW5PaKt8M5bK2XzB3QTXd61oiOU25ABfs%3D"}]}
cf-ray: a253a06019e6dd45-HKG
alt-svc: h3=":443"; ma=86400
VAL 1e34ef43fac8654fe9ab ... 64
challenge True len 2594
setting time=1
pass2 code=302 size=0 redirect=http://qqq.lc/user/login.php
HTTP/2 302 
date: Mon, 03 Aug 2026 07:32:06 GMT
content-type: text/html; charset=UTF-8
location: http://qqq.lc/user/login.php
server: cloudflare
nel: {"report_to":"cf-nel","success_fraction":0.0,"max_age":604800}
expires: Thu, 19 Nov 1981 08:52:00 GMT
cache-control: no-store, no-cache, must-revalidate
pragma: no-cache
set-cookie: sec_token_time=0; expires=Tue, 04-Aug-2026 07:29:57 GMT; Max-Age=86400
cf-cache-status: DYNAMIC
report-to: {"group":"cf-nel","max_age":604800,"endpoints":[{"url":"https://a.nel.cloudflare.com/report/v4?s=N6ye8OWBz5tmGNzr1AxEWzf1IFV00jY9B%2BEq1IAIwVIrTb9TKwifKK5d0vjXxkVWRpl6CU4mn01UXS%2F%2BkQLzrsKwOL%2B8qoA3fbetveGtBYcc9MUNrD0Ad80%3D"}]}
cf-ray: a253a06619f99b15-HKG
alt-svc: h3=":443"; ma=86400

===== cookies =====
# Netscape HTTP Cookie File
# https://curl.se/docs/http-cookies.html
# This file was generated by libcurl! Edit at your own risk.

qqq.lc	FALSE	/	FALSE	1785828726	sec_token_time	0
===== follow index / login =====
BCOOKIE=sec_token_time=0
/ => HTTP=200 len=2649 title=安全验证中 challenge=True
/index.php => HTTP=200 len=2644 title=安全验证中 challenge=True
/user/login.php => HTTP=200 len=2524 title=安全验证中 challenge=True
/user/ => HTTP=200 len=108 title=None challenge=False
/admin/ => HTTP=404 len=138 title=404 Not Found challenge=False
/admin/login.php => HTTP=404 len=138 title=404 Not Found challenge=False
/shop/ => HTTP=404 len=138 title=404 Not Found challenge=False
/api/ => HTTP=404 len=138 title=404 Not Found challenge=False
/query.php => HTTP=404 len=138 title=404 Not Found challenge=False
/order.php => HTTP=404 len=138 title=404 Not Found challenge=False
/home.php => HTTP=404 len=138 title=404 Not Found challenge=False
login len 2630
title 安全验证中
forms []
inputs []
actions []
links ['./index.php']
<html><head><meta http-equiv="pragma" content="no-cache"><meta http-equiv="cache-control" content="no-cache"><meta http-equiv="content-type" content="text/html;charset=utf-8"><title>安全验证中</title><script>console.log("chenmYun CC防御系统");function getCookie(name){var arr,reg=new RegExp("(^| )"+name+"=([^;]*)(;|$)");if(arr=document.cookie.match(reg))return unescape(arr[2]);else return null;}function setCookie(name,value){var exp = new Date();exp.setTime(exp.getTime() + 60*60*1000);document.cookie = name + "="+ escape (value).replace(/\+/g, '%2B') + ";expires=" + exp.toGMTString() + ";path=/";}var ccsafe_defend_time=getCookie('ccsafe_defend_time')||0;ccsafe_defend_time++;setCookie('ccsafe_defend',(+!![]+[])+([][[]]+[])[!+[]+!![]+!![]]+(!+[]+!![]+!![]+[])+(!+[]+!![]+!![]+!![]+[])+([][[]]+[])[!+[]+!![]+!![]]+(![]+[])[+[]]+(!+[]+!![]+!![]+!![]+[])+(!+[]+!![]+!![]+[])+(![]+[])[+[]]+(+{}+[])[+!![]]+([]+{})[!+[]+!![]+!![]+!![]+!![]]+(!+[]+!![]+!![]+!![]+!![]+!![]+!![]+!![]+[])+(!+[]+!![]+!![]+!![]+
index:200
index len 2520 title 安全验证中
challenge True
<html><head><meta http-equiv="pragma" content="no-cache"><meta http-equiv="cache-control" content="no-cache"><meta http-equiv="content-type" content="text/html;charset=utf-8"><title>安全验证中</title><script>console.log("chenmYun CC防御系统");function getCookie(name){var arr,reg=new RegExp("(^| )"+name+"=([^;]*)(;|$)");if(arr=document.cookie.match(reg))return unescape(arr[2]);else return null;}function setCookie(name,value){var exp = new Date();exp.setTime(exp.getTime() + 60*60*1000);document.cookie = name + "="+ escape (value).replace(/\+/g, '%2B') + ";expires=" + exp.toGMTString() + ";path=/";}var ccsafe_defend_time=getCookie('ccsafe_defend_time')||0;ccsafe_defend_time++;setCookie('ccsafe_defend',(+!![]+[])+([][[]]+[])[!+[]+!![]+!![]]+(!+[]+!![]+!![]+[])+(!+[]+!![]+!![]+!![]+[])+([][[]]+[])[!+[]+
===== SUCCESS probes =====
200 /?mod=query&data=1 len=2538 snip=<html><head><meta http-equiv="pragma" content="no-cache"><meta http-equiv="cache
404 /Query.html len=138 snip=<html> <head><title>404 Not Found</title></head> <body> <center><h1>404 Not Foun
404 /Get_Yk_KC.html?gid=1 len=138 snip=<html> <head><title>404 Not Found</title></head> <body> <center><h1>404 Not Foun
404 /Query_Km/1 len=138 snip=<html> <head><title>404 Not Found</title></head> <body> <center><h1>404 Not Foun
200 /ajax.php?act=getcount len=168 snip={"code":0,"yxts":257,"orders":59356,"orders1":59321,"orders2":1659,"money":12449
404 /api.php?act=siteinfo len=138 snip=<html> <head><title>404 Not Found</title></head> <body> <center><h1>404 Not Foun
404 /shop/?mod=query&data=1 len=138 snip=<html> <head><title>404 Not Found</title></head> <body> <center><h1>404 Not Foun
