ch1 2719
HTTP/2 200 
date: Mon, 03 Aug 2026 07:33:43 GMT
content-type: text/html;charset=utf-8
server: cloudflare
nel: {"report_to":"cf-nel","success_fraction":0.0,"max_age":604800}
chenm True
v1 1e34ef43fac8654fe9ab5a27c43a081eb860e22f2e30d6ccc79c499552989f1c
p2 code=HTTP/2 302  size=0 loc=location: http://qqq.lc/user/login.php
# Netscape HTTP Cookie File
# https://curl.se/docs/http-cookies.html
# This file was generated by libcurl! Edit at your own risk.

qqq.lc	FALSE	/	FALSE	1788334424	mysid	672d8a662df14a8b925d687119a13c27
qqq.lc	FALSE	/	FALSE	1785828824	sec_token_time	0
home:200:20613
home len 20025 title 用户登录-qqq.lc
challenge False
faka False
csrf False
<!DOCTYPE html> <html lang="zh-CN"> <head> <meta charset="utf-8"> <title>用户登录-qqq.lc</title> <meta name="description" content="qqq.lc,用户登录"> <meta name="viewport" content="width=device-width, initial-scale=1.0, minimum-scale=1.0, maximum-scale=1.0, user-scalable=no"> <link crossorigin="anonymous" href="../assets/public/animate.css/3.7.2/animate.min.css" rel="stylesheet"> <link href="../assets/public/font-awesome/4.7.0/css/font-awesome.min.css" rel="stylesheet"/> <style> :root { --primary-color: 
# Netscape HTTP Cookie File
# https://curl.se/docs/http-cookies.html
# This file was generated by libcurl! Edit at your own risk.

qqq.lc	FALSE	/user/	FALSE	1785828824	sec_token_time	0
qqq.lc	FALSE	/	FALSE	1785828824	sec_token_time	0
BCOOKIE=sec_token_time=0; ccsafe_defend=1e34ef43fac8654fe9ab5a27c43a081eb860e22f2e30d6ccc79c499552989f1c; ccsafe_defend_time=1
===== ajax surfaces =====
{"code":0,"yxts":257,"orders":59364,"orders1":59333,"orders2":1667,"money":1245027.14,"money1":41073.23,"site":8619,"tool":2274,"gift":null,"cart_count":0,"savecache":1}
https://qqq.lc/ajax.php?act=getcount => {"code":0,"yxts":257,"orders":59364,"orders1":59333,"orders2":1667,"money":1245027.14,"money1":41073.23,"site":8619,"tool":2274,"gift":null,"cart_count":0,"savecache":1}
https://qqq.lc/%61pi.php?act=siteinfo => <html> <head><title>404 Not Found</title></head> <body> <center><h1>404 Not Found</h1></center> <hr><center>nginx</center> </body> </html>
https://qqq.lc/api.php?act=siteinfo => <html> <head><title>404 Not Found</title></head> <body> <center><h1>404 Not Found</h1></center> <hr><center>nginx</center> </body> </html>
https://qqq.lc/%61pi.php?act=goodslist => <html> <head><title>404 Not Found</title></head> <body> <center><h1>404 Not Found</h1></center> <hr><center>nginx</center> </body> </html>
https://qqq.lc/%61pi.php?act=tools&key=test => <html> <head><title>404 Not Found</title></head> <body> <center><h1>404 Not Found</h1></center> <hr><center>nginx</center> </body> </html>
https://qqq.lc/%61pi.php?act=search&id=1 => <html> <head><title>404 Not Found</title></head> <body> <center><h1>404 Not Found</h1></center> <hr><center>nginx</center> </body> </html>
https://qqq.lc/ajax.php?act=card_check => {"code":-4,"msg":"No Act","version":"2.8.3","build":"1043"}
{
    "code": 0,
    "yxts": 257,
    "orders": 59364,
    "orders1": 59333,
    "orders2": 1667,
    "money": 1245027.14,
    "money1": 41073.23,
    "site": 8619,
    "tool": 2274,
    "gift": null,
    "cart_count": 0,
    "savecache": 1
}
login:200:20613
login 20025 用户登录-qqq.lc challenge False
['description', 'viewport', 'user', 'pwd', 'captcha_type', 'geetest_challenge', 'geetest_validate', 'geetest_seccode', 'geetest_challenge', 'geetest_validate', 'geetest_seccode', 'code', 'code']
<!DOCTYPE html> <html lang="zh-CN"> <head> <meta charset="utf-8"> <title>用户登录-qqq.lc</title> <meta name="description" content="qqq.lc,用户登录"> <meta name="viewport" content="width=device-width, initial-scale=1.0, minimum-scale=1.0, maximum-scale=1.0, user-scalable=no"> <link crossorigin="anonymous" href="../assets/public/animate.css/3.7.2/animate.min.css" rel="stylesheet"> <link href="../assets/public/font-awesome/4.7.0/css/font-awesome.min.css" rel="stylesheet"/> <style> :root { --primary-color: #3498db; --secondary-color: #2c3e50; --accent-color: #e74c3c; --light-color: #f8f9fa; --dark-color: 
qd1:302:0
qd challenge False showOrder 0 empty False len 0
{"code":0,"yxts":257,"orders":59361,"orders1":59327,"orders2":1664,"money":1245003.14,"money1":41049.23,"site":8619,"tool":2274,"gift":null,"cart_count":0,"savecache":1}
