logged_in 8319860196 Georgia
scan_dialogs…
mine_chat dialog:QQ号码供需 20U一条 自助发布 @ajdb | QQ号码供需 20U一条 自助发布 @ajdb @None
  member_err Chat admin privileges are required to do that in the specified chat (for example, to send a message in a channel which is not yours), or invalid permissions used for the channel or group (caused by GetParticipantsRequest)
  msgs 200 hosts 22
  msgs 400 hosts 26
  msgs 600 hosts 31
  msgs 800 hosts 34
done_chat QQ号码供需 20U一条 自助发布 @ajdb members=0 msgs=800 hits=0 hosts=34
mine_chat dialog:公群1739 一鸣抖音/原机/蓝V/千粉/万粉号商 押金1300U | 公群1739 一鸣抖音/原机/蓝V/千粉/万粉号商 押金1300U @None
  msgs 200 hosts 1
  msgs 400 hosts 2
  msgs 600 hosts 2
  msgs 800 hosts 2
done_chat 公群1739 一鸣抖音/原机/蓝V/千粉/万粉号商 押金1300U members=6 msgs=800 hits=0 hosts=2
mine_chat dialog:企鹅多多备用 | 企鹅多多备用 @None
  member_err Chat admin privileges are required to do that in the specified chat (for example, to send a message in a channel which is not yours), or invalid permissions used for the channel or group (caused by GetParticipantsRequest)
done_chat 企鹅多多备用 members=0 msgs=30 hits=0 hosts=0
mine_chat dialog:阿福 盘口直收QQ兼职粉信誉频道 | 阿福 盘口直收QQ兼职粉信誉频道 @None
  member_err Chat admin privileges are required to do that in the specified chat (for example, to send a message in a channel which is not yours), or invalid permissions used for the channel or group (caused by GetParticipantsRequest)
done_chat 阿福 盘口直收QQ兼职粉信誉频道 members=0 msgs=129 hits=0 hosts=0
mine_chat dialog:大圣QQ精准对接上货通知📢🔥 | 大圣QQ精准对接上货通知📢🔥 @None
  member_err Chat admin privileges are required to do that in the specified chat (for example, to send a message in a channel which is not yours), or invalid permissions used for the channel or group (caused by GetParticipantsRequest)
done_chat 大圣QQ精准对接上货通知📢🔥 members=0 msgs=143 hits=2 hosts=0
follow_users 100
follow[1/100] @qqun300
mine_chat @qqun300 | QQ老群专卖，托尼哥 @Qqun300
done_chat QQ老群专卖，托尼哥 members=0 msgs=16 hits=0 hosts=1
follow[2/100] @bwqq666
mine_chat @bwqq666 | 魔鬼训练营 @bwqq666
done_chat 魔鬼训练营 members=0 msgs=86 hits=0 hosts=1
follow[3/100] @bwqqqqq
follow[4/100] @aaaqqq654
follow[5/100] @aahaozi
mine_chat @aahaozi | 私人客服通知频道🐣 @aahaozi
done_chat 私人客服通知频道🐣 members=0 msgs=64 hits=0 hosts=0
follow[6/100] @beqq347s
follow[7/100] @biaogehaoshang888888
follow[8/100] @cahanqq
follow[9/100] @ggqq580
follow[10/100] @ggqq999888
mine_chat @ggqq999888 | 果果qq 专属频道 @GGqq999888
  msgs 200 hosts 0
done_chat 果果qq 专属频道 members=0 msgs=297 hits=0 hosts=0
follow[11/100] @gqjmshptxmqq3767
follow[12/100] @haopu1688
follow[13/100] @igfk8cxq
follow[14/100] @jcqq88
follow[15/100] @kln166qq
follow[16/100] @nmppkqqvwsutzxemhwkesblb
follow[17/100] @payqqee
follow[18/100] @payqqww1
follow[19/100] @pinganqq
follow[20/100] @qq11129
follow[21/100] @qqq00oo
mine_chat @qqq00oo | T.出货频道 @qqq00oo
done_chat T.出货频道 members=2 msgs=46 hits=1 hosts=0
follow[22/100] @qqqkjhjgg
follow[23/100] @qqqqqivv
follow[24/100] @qqsi81
follow[25/100] @qqttzza
follow[26/100] @qqvx065
follow[27/100] @qqwwee0248
follow[28/100] @tghaopu567
follow[29/100] @xiaojieqq11
follow[30/100] @xixiqq66
follow[31/100] @yedaoqq1
follow[32/100] @yzz_qqhw
follow[33/100] @zaqq441
follow[34/100] @a1589987
follow[35/100] @aifubao888
mine_chat @aifubao888 | Love宝 @aifubao888
done_chat Love宝 members=0 msgs=27 hits=0 hosts=1
follow[36/100] @angelylauren
follow[37/100] @aqh56
mine_chat @aqh56 | 左右哥ws协议号源头机房频道 @aqh56
  msgs 200 hosts 0
done_chat 左右哥ws协议号源头机房频道 members=0 msgs=316 hits=0 hosts=0
follow[38/100] @baiming77
follow[39/100] @bashen5446
follow[40/100] @biaoge11888
follow[41/100] @bmw518899
follow[42/100] @bobo6411
follow[43/100] @cgukfhbm
follow[44/100] @ckk1680
follow[45/100] @coohmm
follow[46/100] @cs58588cs
mine_chat @cs58588cs | 专业号源 地推老 成品号、拦截台接码注册都有 @cs58588cs
done_chat 专业号源 地推老 成品号、拦截台接码注册都有 members=0 msgs=155 hits=0 hosts=0
follow[47/100] @cvvcvv666
follow[48/100] @daniu2888
follow[49/100] @ding6800
mine_chat @ding6800 | 新版钉钉上号通知群 @ding6800
done_chat 新版钉钉上号通知群 members=0 msgs=70 hits=0 hosts=0
follow[50/100] @dingding680
follow[51/100] @djdj9627
follow[52/100] @dud880
follow[53/100] @fb1129
follow[54/100] @fb197108
follow[55/100] @fb88686
follow[56/100] @fc014
mine_chat @fc014 | Huu @fc014
done_chat Huu members=0 msgs=1 hits=0 hosts=0
follow[57/100] @feishu7766
mine_chat @feishu7766 | 一手钉钉实名料 @feishu7766
done_chat 一手钉钉实名料 members=0 msgs=6 hits=0 hosts=0
follow[58/100] @fupobaobei
follow[59/100] @h8975bsyd
follow[60/100] @happykandela
follow[61/100] @hd5240
follow[62/100] @hhklhkklhkl
follow[63/100] @hnbc6866
mine_chat @hnbc6866 | 海纳百川 私人QQ 一手工作室 关注不迷路 @HNBC6866
done_chat 海纳百川 私人QQ 一手工作室 关注不迷路 members=0 msgs=88 hits=0 hosts=1
follow[64/100] @hq202020
follow[65/100] @huigei6888
follow[66/100] @hy0521i
follow[67/100] @jiangxiaoyu003
follow[68/100] @jichangone
follow[69/100] @jiema88515
follow[70/100] @jingles885
follow[71/100] @jjj258k
follow[72/100] @jmka55
follow[73/100] @jstxapii
mine_chat @jstxapii | 极速api端口交流群 @None
  msgs 200 hosts 1
  msgs 400 hosts 2
  msgs 600 hosts 2
  msgs 800 hosts 2
done_chat 极速api端口交流群 members=2 msgs=900 hits=33 hosts=2
follow[74/100] @kaiyunty_667
follow[75/100] @kele7973
follow[76/100] @kk9998866
mine_chat @kk9998866 | KK接码四方通知 防失联 @kk9998866
done_chat KK接码四方通知 防失联 members=0 msgs=30 hits=0 hosts=5
follow[77/100] @kkkw8861
follow[78/100] @ksf666
follow[79/100] @laobanzhang668
follow[80/100] @laosenlin123
follow[81/100] @liushishi288
follow[82/100] @lllnnn8889
follow[83/100] @mansi_khunt
follow[84/100] @maomao988888
follow[85/100] @meilun02g
follow[86/100] @meishi6686
follow[87/100] @mmmm6526
mine_chat @mmmm6526 | 猫猫私人Q @MmMm6526
done_chat 猫猫私人Q members=0 msgs=50 hits=0 hosts=1
follow[88/100] @nmjichang
follow[89/100] @opfjklkdjlhhh5
follow[90/100] @oqtbsdnhy
follow[91/100] @panghu4416
follow[92/100] @panghu5525
follow[93/100] @panghu6636
follow[94/100] @pinganba
follow[95/100] @pipi880
follow[96/100] @pipi88800
mine_chat @pipi88800 | 皮卡丘 业务资源群① @pipi88800
  msgs 200 hosts 0
  msgs 400 hosts 0
done_chat 皮卡丘 业务资源群① members=58 msgs=596 hits=6 hosts=0
follow[97/100] @pipi888880
mine_chat @pipi888880 | 皮卡丘 接码 代实名（业务频道） @pipi888880
done_chat 皮卡丘 接码 代实名（业务频道） members=0 msgs=5 hits=0 hosts=0
follow[98/100] @qaz11333
follow[99/100] @qazysj888
mine_chat @qazysj888 | 微信 抖音 支付宝 手机卡 小红书 号商 @qazYSJ888
  msgs 200 hosts 3
  msgs 400 hosts 3
done_chat 微信 抖音 支付宝 手机卡 小红书 号商 members=0 msgs=517 hits=2 hosts=3
follow[100/100] @qishan020666
invites_to_try 30
invite[1/30] JUpht_a3F_1mZTFl already 一手重启号码
mine_chat invite:JUpht_a3F_1mZTFl | 一手重启号码 @None
  member_err Chat admin privileges are required to do that in the specified chat (for example, to send a message in a channel which is not yours), or invalid permissions used for the channel or group (caused by GetParticipantsRequest)
done_chat 一手重启号码 members=0 msgs=1 hits=0 hosts=0
invite[2/30] ebO-Tk3cv79jMTQ9 already 阿福 盘口直收QQ兼职粉信誉频道
invite[3/30] oQRtuHMYY6A1Zjk1 already 大圣QQ精准对接上货通知📢🔥
invite[4/30] Xs0EB650qHdiOGI1 already 公群445 源头飞书K歌年头条 押金1200U
mine_chat invite:Xs0EB650qHdiOGI1 | 公群445 源头飞书K歌年头条 押金1200U @None
  msgs 200 hosts 0
  msgs 400 hosts 0
  msgs 600 hosts 0
  msgs 800 hosts 0
done_chat 公群445 源头飞书K歌年头条 押金1200U members=8 msgs=900 hits=1 hosts=0
invite[5/30] qQG3yVWdP5NhYmM0 already 公群1739 一鸣抖音/原机/蓝V/千粉/万粉号商 押金1300U
invite[6/30] brhoK-rrz283OWM1 joined_via_check 于白-出QQ业务一手批发
mine_chat invite:brhoK-rrz283OWM1 | 于白-出QQ业务一手批发 @None
  member_err Chat admin privileges are required to do that in the specified chat (for example, to send a message in a channel which is not yours), or invalid permissions used for the channel or group (caused by GetParticipantsRequest)
  msgs 200 hosts 2
  msgs 400 hosts 5
done_chat 于白-出QQ业务一手批发 members=0 msgs=409 hits=0 hosts=5
invite[7/30] DVYH2Ve6Q6ZhNmJl joined_via_check 大飞上货通知群
mine_chat invite:DVYH2Ve6Q6ZhNmJl | 大飞上货通知群 @None
  member_err Chat admin privileges are required to do that in the specified chat (for example, to send a message in a channel which is not yours), or invalid permissions used for the channel or group (caused by GetParticipantsRequest)
  msgs 200 hosts 4
done_chat 大飞上货通知群 members=0 msgs=201 hits=0 hosts=4
invite[8/30] p6y-ynlLuFFjOTlh joined_via_check 国内-项目资源群
mine_chat invite:p6y-ynlLuFFjOTlh | 国内-项目资源群 @None
  members 400 hits 9
  msgs 200 hosts 1
  msgs 400 hosts 1
  msgs 600 hosts 1
  msgs 800 hosts 1
done_chat 国内-项目资源群 members=400 msgs=900 hits=10 hosts=1
invite[9/30] 2cgLBXccCa1mNjll joined_via_check 号商交流群
mine_chat invite:2cgLBXccCa1mNjll | 号商交流群 @None
  msgs 200 hosts 1
  msgs 400 hosts 2
  msgs 600 hosts 2
  msgs 800 hosts 2
done_chat 号商交流群 members=2 msgs=900 hits=4 hosts=2
invite[10/30] pa0_PJWny1UwZTM1 already 公群446 小黄人一手批发钉钉 接各类代实名 押金1000U
mine_chat invite:pa0_PJWny1UwZTM1 | 公群446 小黄人一手批发钉钉 接各类代实名 押金1000U @None
  msgs 200 hosts 0
  msgs 400 hosts 0
  msgs 600 hosts 0
  msgs 800 hosts 0
done_chat 公群446 小黄人一手批发钉钉 接各类代实名 押金1000U members=8 msgs=900 hits=0 hosts=0
invite[11/30] p4Bt4W4bUWRkYjc9 already 企鹅多多备用
invite[12/30] -CVY42-PnxkyYjZl already 阿辉上货通知群
mine_chat invite:-CVY42-PnxkyYjZl | 阿辉上货通知群 @None
  member_err Chat admin privileges are required to do that in the specified chat (for example, to send a message in a channel which is not yours), or invalid permissions used for the channel or group (caused by GetParticipantsRequest)
  msgs 200 hosts 1
done_chat 阿辉上货通知群 members=0 msgs=349 hits=0 hosts=1
invite[13/30] Z_e7aqelSCY2YzFl already 等盛 企业号通知频道
mine_chat invite:Z_e7aqelSCY2YzFl | 等盛 企业号通知频道 @None
  member_err Chat admin privileges are required to do that in the specified chat (for example, to send a message in a channel which is not yours), or invalid permissions used for the channel or group (caused by GetParticipantsRequest)
done_chat 等盛 企业号通知频道 members=0 msgs=122 hits=0 hosts=3
invite[14/30] dMzKTsRlpW03OWM1 joined_via_check 饿了么出货通知群
mine_chat invite:dMzKTsRlpW03OWM1 | 饿了么出货通知群 @None
  msgs 200 hosts 0
  msgs 400 hosts 1
  msgs 600 hosts 1
  msgs 800 hosts 3
done_chat 饿了么出货通知群 members=2 msgs=900 hits=1 hosts=3
join_flood hqg1wLpkHEo4ZjFl wait 300
invite[15/30] hqg1wLpkHEo4ZjFl join_fail:A wait of 865 seconds is required (caused by ImportChatInviteRequest) None
invite[16/30] u50BFdb73wszNDQ9 already 天鱼交流群QQ货源不禁言群
mine_chat invite:u50BFdb73wszNDQ9 | 天鱼交流群QQ货源不禁言群 @tianyu999
  msgs 200 hosts 0
  msgs 400 hosts 0
  msgs 600 hosts 0
  msgs 800 hosts 0
done_chat 天鱼交流群QQ货源不禁言群 members=2 msgs=900 hits=4 hosts=0
invite[17/30] rv1DuJ8zvDczZjU1 already 星星-顶尖号商交流群
mine_chat invite:rv1DuJ8zvDczZjU1 | 星星-顶尖号商交流群 @xingxing0206
done_chat 星星-顶尖号商交流群 members=23 msgs=27 hits=1 hosts=1
invite[18/30] ry8HlMsCc1djMjZi already 资源汇
mine_chat invite:ry8HlMsCc1djMjZi | 资源汇 @ziyuanhui9
  msgs 200 hosts 0
  msgs 400 hosts 0
  msgs 600 hosts 0
  msgs 800 hosts 0
done_chat 资源汇 members=1 msgs=900 hits=1 hosts=0
invite[19/30] vIJaUceBak43MjNl already 财神全能号商频道
mine_chat invite:vIJaUceBak43MjNl | 财神全能号商频道 @gsq10198888
  member_err Chat admin privileges are required to do that in the specified chat (for example, to send a message in a channel which is not yours), or invalid permissions used for the channel or group (caused by GetParticipantsRequest)
  msgs 200 hosts 0
done_chat 财神全能号商频道 members=0 msgs=374 hits=0 hosts=0
join_flood 0dC_FXcUdvs4YmU1 wait 300
invite[20/30] 0dC_FXcUdvs4YmU1 join_fail:A wait of 415 seconds is required (caused by ImportChatInviteRequest) None
join_flood 1G-9WuNKIP01MWZl wait 300
