logged_in id=8319860196 @None Georgia
joined_public ooooy
scraping ooooy
  …阿金社区(交易请走担保): msgs 100
  …阿金社区(交易请走担保): msgs 200
  …阿金社区(交易请走担保): msgs 300
  …阿金社区(交易请走担保): msgs 400
  …阿金社区(交易请走担保): msgs 500
  …阿金社区(交易请走担保): msgs 600
  …阿金社区(交易请走担保): msgs 700
  …阿金社区(交易请走担保): msgs 800
done ooooy members 9 msgs 800 hits 73 hosts 30 err None
joined_public xaioqiaochuhai8
scraping xaioqiaochuhai8
  …xaioqiaochuhai8: members 500 hits 11
  …xaioqiaochuhai8: members 1000 hits 22
  …xaioqiaochuhai8: members 1500 hits 27
  …xaioqiaochuhai8: members 2000 hits 29
  …xaioqiaochuhai8: members 2500 hits 35
  …xaioqiaochuhai8: msgs 100
  …xaioqiaochuhai8: msgs 200
  …xaioqiaochuhai8: msgs 300
  …xaioqiaochuhai8: msgs 400
  …xaioqiaochuhai8: msgs 500
  …xaioqiaochuhai8: msgs 600
  …xaioqiaochuhai8: msgs 700
  …xaioqiaochuhai8: msgs 800
done xaioqiaochuhai8 members 2500 msgs 800 hits 36 hosts 3 err None
joined_public yoooo
scraping yoooo
  …大户云集(交易请走担保): msgs 100
  …大户云集(交易请走担保): msgs 200
  …大户云集(交易请走担保): msgs 300
  …大户云集(交易请走担保): msgs 400
  …大户云集(交易请走担保): msgs 500
  …大户云集(交易请走担保): msgs 600
  …大户云集(交易请走担保): msgs 700
  …大户云集(交易请走担保): msgs 800
done yoooo members 10 msgs 800 hits 63 hosts 28 err None
joined_public kehu
scraping kehu
  participants_err QQ号码供需 20U一条 自助发布 @ajdb: Chat admin privileges are required to do that in the specified chat (for example, to send a message in a channel which is not yours), or invalid permissions used for the channel or group (caused by GetParticipantsRequest)
  …QQ号码供需 20U一条 自助发布 @ajdb: msgs 100
  …QQ号码供需 20U一条 自助发布 @ajdb: msgs 200
  …QQ号码供需 20U一条 自助发布 @ajdb: msgs 300
  …QQ号码供需 20U一条 自助发布 @ajdb: msgs 400
  …QQ号码供需 20U一条 自助发布 @ajdb: msgs 500
  …QQ号码供需 20U一条 自助发布 @ajdb: msgs 600
  …QQ号码供需 20U一条 自助发布 @ajdb: msgs 700
  …QQ号码供需 20U一条 自助发布 @ajdb: msgs 800
done kehu members 0 msgs 800 hits 0 hosts 34 err Chat admin privileges are required to do that in the specified chat (for example, to send a message in a channel which is not yours), or invalid permissions used for the channel or group (caused by GetParticipantsRequest)
invite pa0_PJWny1UwZTM1 joined None
invite hqg1wLpkHEo4ZjFl join_fail:You have successfully requested to join this chat or channel (caused by ImportChatInviteRequest) None
invite p4Bt4W4bUWRkYjc9 joined None
invite -CVY42-PnxkyYjZl joined None
invite Z_e7aqelSCY2YzFl joined None
invite u50BFdb73wszNDQ9 already 天鱼交流群QQ货源不禁言群
  …tianyu999: msgs 100
  …tianyu999: msgs 200
  …tianyu999: msgs 300
  …tianyu999: msgs 400
  …tianyu999: msgs 500
  …tianyu999: msgs 600
  …tianyu999: msgs 700
  …tianyu999: msgs 800
invite JUpht_a3F_1mZTFl join_fail:A wait of 207 seconds is required (caused by ImportChatInviteRequest) None
invite rv1DuJ8zvDczZjU1 already 星星-顶尖号商交流群
invite ebO-Tk3cv79jMTQ9 join_fail:A wait of 189 seconds is required (caused by ImportChatInviteRequest) None
invite oQRtuHMYY6A1Zjk1 join_fail:A wait of 188 seconds is required (caused by ImportChatInviteRequest) None
invite Xs0EB650qHdiOGI1 join_fail:A wait of 188 seconds is required (caused by ImportChatInviteRequest) None
invite qQG3yVWdP5NhYmM0 join_fail:A wait of 188 seconds is required (caused by ImportChatInviteRequest) None
invite brhoK-rrz283OWM1 join_fail:A wait of 188 seconds is required (caused by ImportChatInviteRequest) None
invite ry8HlMsCc1djMjZi already 资源汇
  …ziyuanhui9: msgs 100
  …ziyuanhui9: msgs 200
  …ziyuanhui9: msgs 300
  …ziyuanhui9: msgs 400
  …ziyuanhui9: msgs 500
  …ziyuanhui9: msgs 600
  …ziyuanhui9: msgs 700
  …ziyuanhui9: msgs 800
invite DVYH2Ve6Q6ZhNmJl join_fail:A wait of 146 seconds is required (caused by ImportChatInviteRequest) None
invite p6y-ynlLuFFjOTlh join_fail:A wait of 146 seconds is required (caused by ImportChatInviteRequest) None
invite 2cgLBXccCa1mNjll join_fail:A wait of 146 seconds is required (caused by ImportChatInviteRequest) None
invite vIJaUceBak43MjNl already 财神全能号商频道
  participants_err gsq10198888: Chat admin privileges are required to do that in the specified chat (for example, to send a message in a channel which is not yours), or invalid permissions used for the channel or group (caused by GetParticipantsRequest)
  …gsq10198888: msgs 100
  …gsq10198888: msgs 200
  …gsq10198888: msgs 300
HOSTS [('hu6621.cn', 53), ('piguqq.top', 45), ('elmqq.top', 41), ('htqq.lol', 38), ('siye.lol', 38), ('qq898.vip', 38), ('kln166.top', 38), ('maiqq88.top', 38), ('yewen.lol', 21), ('yedaoqq.top', 20), ('qq8.one', 16), ('aaap.top', 14), ('baichuan.lol', 9), ('xihongqq.top', 9), ('daxiangjiao.lol', 8), ('az886.top', 8), ('hmjf.lol', 8), ('zhanghaofk88.top', 8), ('qx138888.top', 7), ('youhui1998.top', 7), ('maoqq.lol', 6), ('kangsfqq.top', 6), ('qiange8.com', 6), ('kk987.top', 5), ('s.sggyx.com', 4), ('maiqq.top', 4), ('shoppingqiefahuowangzhan.shop', 4), ('symbors.com', 4), ('taiyang.xyz', 3), ('tuoni.xyz', 3), ('tronscan.io', 3), ('aaatask.lamp666.net', 3), ('xxn7788.top', 3), ('chuhao.lol', 2), ('bashen.lol', 2), ('favip.fjapp.vip', 2), ('fa.tg8888.top', 2), ('smsjs.top', 2), ('2021sanwu.ysepan.com', 2), ('bwqq.top', 2), ('by635.cc', 2), ('miduo666.com', 2), ('tg788.cc', 2), ('shopping.qq898.vip', 2), ('fffzz.lol', 2), ('nengliang.lol', 2), ('saohaoqi.com', 2), ('docs.qq.com', 2), ('vlink.cc', 1), ('kln166.shop', 1)]
PERSON 186
