HOME 200 38096 自动发卡
GC {"code":0,"yxts":276,"orders":"0","orders1":"0","orders2":"0","money":30,"money1":0,"site":"3","gift":null,"cart_count":"0"}
===== SUCCESS_CASES =====
QD93 data=1 code=200 len=29897 vuln_markers=False
QD93 data=12 code=200 len=29899 vuln_markers=False
QD93 data=123 code=200 len=29901 vuln_markers=False
QD93 data=2026 code=200 len=29903 vuln_markers=False
QD93 data=202608 code=200 len=29907 vuln_markers=False
QD93 data=a code=200 len=29897 vuln_markers=False
QD93 data=test code=200 len=29903 vuln_markers=False
SEARCH_GET /shop/api.php id=1 0 
SEARCH_GET /shop/api.php id=2 0 
SEARCH_GET /shop/api.php id=10 0 
SEARCH_GET /shop/api.php id=100 0 
SEARCH_POST /shop/api.php 0 
SEARCH_GET /shop/%61pi.php id=1 200 {"code":-1,"message":"请提供用户登录信息或API对接密钥"}
SEARCH_GET /shop/%61pi.php id=2 200 {"code":-1,"message":"请提供用户登录信息或API对接密钥"}
SEARCH_GET /shop/%61pi.php id=10 200 {"code":-1,"message":"请提供用户登录信息或API对接密钥"}
SEARCH_GET /shop/%61pi.php id=100 200 {"code":-1,"message":"请提供用户登录信息或API对接密钥"}
SEARCH_POST /shop/%61pi.php 200 {"code":-1,"message":"请提供用户登录信息或API对接密钥"}
YK /user/order/Query_Km 404 548 km 0
YK /index/order/Query_Km 404 548 km 0
YK /shop/user/order/Query_Km 404 548 km 0
===== API / AJAX =====
/shop/api.php getcount 0 
/shop/api.php goodslist 0 
/shop/api.php classlist 0 
/shop/api.php siteinfo 0 
/shop/api.php tools 0 
/shop/api.php token 0 
/shop/api.php clone 0 
/shop/%61pi.php getcount 200 {"code":-5,"msg":"No Act!"}
/shop/%61pi.php goodslist 200 {"code":0,"data":[{"tid":"21","cid":"2","name":"\u7559\u53613-5\u5929 \u661f\u661f \u5305\u4e0b\u5361\u524d\u627e\u56de \u57fa\u672c0\u5f39\u7a97\u7206\u7ea2 \u529f\u80fd\u6b63\u5e38 \u52a0\u4eba\u52a0\u7fa4\u65e0\u95ee\
/shop/%61pi.php classlist 200 {"code":0,"msg":"succ","data":[{"cid":"8","zid":"1","pid":"0","sort":"3","name":"\u4e09\u7f51\u79c1\u4eba\u95f2\u9c7c\u8001\u53f7 \u5e74\u4efd\u968f\u673a \u9c7c\u529b\u503c\u968f\u673a\uff0c\u91cf\u5927\u8054\u7cfb","sh
/shop/%61pi.php siteinfo 200 {"sitename":"\u81ea\u52a8\u53d1\u5361","kfqq":"@Sy_5889","anounce":"<h2>\r\n\t<strong><span style=\"color:#009900;\"><span style=\"font-size:32px;\"> \r\n\t<div style=\"margin:0px;padding:0px;font-weight:normal;font-size
/shop/%61pi.php tools 200 {"code":-5,"msg":"确保各项不能为空"}
/shop/%61pi.php token 200 No key
/shop/%61pi.php clone 200 {"code":-5,"msg":"确保各项不能为空"}
A query [querytype=1&qq=1&page=1] 500 
A query [querytype=2&qq=1&pwd=] 500 
A query [type=1&qq=1] 500 
A query [type=1&qq=20260803120000000] 500 
A pay [tid=21&inputvalue=recon1&num=1] 200 {"code":-1,"msg":"CSRF token验证失败，请刷新页面重试"}
A pay [tid=1&inputvalue=recon1&num=1] 200 {"code":-1,"msg":"CSRF token验证失败，请刷新页面重试"}
A card_check [card=test] 200 {"code":-1,"msg":"CSRF token验证失败，请刷新页面重试"}
A captcha [] 200 {"success":1,"gt":"a1017fd4951689c5d20317c165c1c318","challenge":"07c0d6eb7edacaeff376859729ffad94","new_captcha":1}
A order [id=1&skey=00000000000000000000000000000000] 200 {"code":-1,"msg":"验证失败"}
===== BUY / PAY =====
TIDS ['21', '22', '23', '24', '25', '26', '27', '28', '29', '30', '31', '38', '39', '40']
TG ['Damai66666666', 'Sy_5889']
BUY 21 200 30777 hashsalt True csrf True
CSRF 70b943d8233959d571365485598ec86380c22eaba34cbbea378d2c7d30d9cf05
HASH_PLAIN None
HASH_EXPR ([][[]]+[])[!+[]+!![]]+(+[]+[])+(!+[]+!![]+!![]+!![]+!![]+!![]+[])+(!+[]+!![]+!![]+!![]+!![]+!![]+!! len 753
HASH_EVAL d06745be9b60e0a04f63acfd9eb42a3a
CAPTCHA 
PAY tid=21 {"code":-1,"msg":"该商品库存卡密不足，请联系站长加卡！"}
PAY tid=22 {"code":-1,"msg":"验证失败，请刷新页面重试"}
PAY tid=23 {"code":-1,"msg":"验证失败，请刷新页面重试"}
PAY tid=24 {"code":-1,"msg":"验证失败，请刷新页面重试"}
PAY tid=25 {"code":-1,"msg":"验证失败，请刷新页面重试"}
GOODS_KEYS ['code', 'data']
SITEINFO {"sitename":"\u81ea\u52a8\u53d1\u5361","kfqq":"@Sy_5889","anounce":"<h2>\r\n\t<strong><span style=\"color:#009900;\"><span style=\"font-size:32px;\"> \r\n\t<div style=\"margin:0px;padding:0px;font-weight:normal;font-size:14px;font-family:\u5b8b\u4f53, Arial, Helvetica, sans-serif;text-align:center;\">\r\n\t\t<strong> \r\n\t\t<p style=\"font-family:&quot;font-size:14px;background-color:#FFFFFF;text-align:center;\">\r\n\t\t\t<span style=\"font-family:&quot;font-size:14px;background-color:#F0F0F0;\">\u957f\u671f\u5bfb\u627e\u5361\u5546\u5408\u4f5c\uff0c\u4e8b\u5c11\u7ed3\u7b97\u5feb<\/span>\r\n\t\t<\/p>\r\n\t\t<h2>\r\n\t\t\t<span style=\"color:#EE33EE;\">\u552e\u540e\u8054\u7cfb&nbsp; \u2708\u98de\u673a\uff1a@Sy_5889<\/span> \r\n\t\t<\/h2>\r\n\t\t<h2>\r\n\t\t\t<span style=\"color:#EE33EE;\">\
P 200 /shop/toollogs.php len=7141 sn=<!DOCTYPE html> <html lang="en"> 	<head> 		<meta charset="utf-8" /> 		<meta name
P 200 /shop/cron.php len=7 sn=监控密钥不正确
P 200 /shop/install/ len=68 sn=您已经安装过，如需重新安装请删除<font color=red> install/install.lock </font>文件后再安装！
P 404 /shop/admin/ len=548 sn=<html> <head><title>404 Not Found</title></head> <body> <center><h1>404 Not F
P 403 / len=548 sn=<html> <head><title>403 Forbidden</title></head> <body> <center><h1>403 Forbi
P 200 /shop/other/getshop.php len=12 sn=No trade_no!