kw 123 page 1 code 200 n 10 total None msg success
KAMI 756260628204413274 123 len 196
KAMI 551260615140934266 123 len 2282
KAMI 449251230182935400 123 len 205
KAMI 761251230124840970 123 len 166
KAMI 730251228220852428 123 len 167
KAMI 423251227104924937 123 len 167
KAMI 490251226214930533 123 len 205
KAMI 587251226205558332 123 len 3372
KAMI 664251226205356101 123 len 4139
KAMI 168251226183408169 123 len 1002
kw 123 page 2 code 200 n 10 total None msg success
KAMI 756260628204413274 123 len 196
KAMI 551260615140934266 123 len 2282
KAMI 449251230182935400 123 len 205
KAMI 761251230124840970 123 len 166
KAMI 730251228220852428 123 len 167
KAMI 423251227104924937 123 len 167
KAMI 490251226214930533 123 len 205
KAMI 587251226205558332 123 len 3372
KAMI 664251226205356101 123 len 4139
KAMI 168251226183408169 123 len 1002
kw 123 page 3 code 200 n 10 total None msg success
KAMI 756260628204413274 123 len 196
KAMI 551260615140934266 123 len 2282
KAMI 449251230182935400 123 len 205
KAMI 761251230124840970 123 len 166
KAMI 730251228220852428 123 len 167
KAMI 423251227104924937 123 len 167
KAMI 490251226214930533 123 len 205
KAMI 587251226205558332 123 len 3372
KAMI 664251226205356101 123 len 4139
KAMI 168251226183408169 123 len 1002
kw 123 page 4 code 200 n 10 total None msg success
KAMI 756260628204413274 123 len 196
KAMI 551260615140934266 123 len 2282
KAMI 449251230182935400 123 len 205
KAMI 761251230124840970 123 len 166
KAMI 730251228220852428 123 len 167
KAMI 423251227104924937 123 len 167
KAMI 490251226214930533 123 len 205
KAMI 587251226205558332 123 len 3372
KAMI 664251226205356101 123 len 4139
KAMI 168251226183408169 123 len 1002
kw 123 page 5 code 200 n 10 total None msg success
KAMI 756260628204413274 123 len 196
KAMI 551260615140934266 123 len 2282
KAMI 449251230182935400 123 len 205
KAMI 761251230124840970 123 len 166
KAMI 730251228220852428 123 len 167
KAMI 423251227104924937 123 len 167
KAMI 490251226214930533 123 len 205
KAMI 587251226205558332 123 len 3372
KAMI 664251226205356101 123 len 4139
KAMI 168251226183408169 123 len 1002
kw 123 page 6 code 200 n 10 total None msg success
KAMI 756260628204413274 123 len 196
KAMI 551260615140934266 123 len 2282
KAMI 449251230182935400 123 len 205
KAMI 761251230124840970 123 len 166
KAMI 730251228220852428 123 len 167
KAMI 423251227104924937 123 len 167
KAMI 490251226214930533 123 len 205
KAMI 587251226205558332 123 len 3372
KAMI 664251226205356101 123 len 4139
KAMI 168251226183408169 123 len 1002
kw 123 page 7 code 200 n 10 total None msg success
KAMI 756260628204413274 123 len 196
KAMI 551260615140934266 123 len 2282
KAMI 449251230182935400 123 len 205
KAMI 761251230124840970 123 len 166
KAMI 730251228220852428 123 len 167
KAMI 423251227104924937 123 len 167
KAMI 490251226214930533 123 len 205
KAMI 587251226205558332 123 len 3372
KAMI 664251226205356101 123 len 4139
KAMI 168251226183408169 123 len 1002
kw 123 page 8 code 200 n 10 total None msg success
KAMI 756260628204413274 123 len 196
KAMI 551260615140934266 123 len 2282
KAMI 449251230182935400 123 len 205
KAMI 761251230124840970 123 len 166
KAMI 730251228220852428 123 len 167
KAMI 423251227104924937 123 len 167
KAMI 490251226214930533 123 len 205
KAMI 587251226205558332 123 len 3372
KAMI 664251226205356101 123 len 4139
KAMI 168251226183408169 123 len 1002
kw 123 page 9 code 200 n 10 total None msg success
KAMI 756260628204413274 123 len 196
KAMI 551260615140934266 123 len 2282
KAMI 449251230182935400 123 len 205
KAMI 761251230124840970 123 len 166
KAMI 730251228220852428 123 len 167
KAMI 423251227104924937 123 len 167
KAMI 490251226214930533 123 len 205
KAMI 587251226205558332 123 len 3372
KAMI 664251226205356101 123 len 4139
KAMI 168251226183408169 123 len 1002
kw 123 page 10 code 200 n 10 total None msg success
KAMI 756260628204413274 123 len 196
KAMI 551260615140934266 123 len 2282
KAMI 449251230182935400 123 len 205
KAMI 761251230124840970 123 len 166
KAMI 730251228220852428 123 len 167
KAMI 423251227104924937 123 len 167
KAMI 490251226214930533 123 len 205
KAMI 587251226205558332 123 len 3372
KAMI 664251226205356101 123 len 4139
KAMI 168251226183408169 123 len 1002
kw 123 page 11 code 200 n 10 total None msg success
KAMI 756260628204413274 123 len 196
KAMI 551260615140934266 123 len 2282
KAMI 449251230182935400 123 len 205
KAMI 761251230124840970 123 len 166
KAMI 730251228220852428 123 len 167
KAMI 423251227104924937 123 len 167
KAMI 490251226214930533 123 len 205
KAMI 587251226205558332 123 len 3372
KAMI 664251226205356101 123 len 4139
KAMI 168251226183408169 123 len 1002
kw 123 page 12 code 200 n 10 total None msg success
KAMI 756260628204413274 123 len 196
KAMI 551260615140934266 123 len 2282
KAMI 449251230182935400 123 len 205
KAMI 761251230124840970 123 len 166
KAMI 730251228220852428 123 len 167
KAMI 423251227104924937 123 len 167
KAMI 490251226214930533 123 len 205
KAMI 587251226205558332 123 len 3372
KAMI 664251226205356101 123 len 4139
KAMI 168251226183408169 123 len 1002
kw 123 page 13 code 200 n 10 total None msg success
KAMI 756260628204413274 123 len 196
KAMI 551260615140934266 123 len 2282
KAMI 449251230182935400 123 len 205
KAMI 761251230124840970 123 len 166
KAMI 730251228220852428 123 len 167
KAMI 423251227104924937 123 len 167
KAMI 490251226214930533 123 len 205
KAMI 587251226205558332 123 len 3372
KAMI 664251226205356101 123 len 4139
KAMI 168251226183408169 123 len 1002
kw 123 page 14 code 200 n 10 total None msg success
KAMI 756260628204413274 123 len 196
KAMI 551260615140934266 123 len 2282
KAMI 449251230182935400 123 len 205
KAMI 761251230124840970 123 len 166
KAMI 730251228220852428 123 len 167
KAMI 423251227104924937 123 len 167
KAMI 490251226214930533 123 len 205
KAMI 587251226205558332 123 len 3372
KAMI 664251226205356101 123 len 4139
KAMI 168251226183408169 123 len 1002
kw 123 page 15 code 200 n 10 total None msg success
KAMI 756260628204413274 123 len 196
KAMI 551260615140934266 123 len 2282
KAMI 449251230182935400 123 len 205
KAMI 761251230124840970 123 len 166
KAMI 730251228220852428 123 len 167
KAMI 423251227104924937 123 len 167
KAMI 490251226214930533 123 len 205
KAMI 587251226205558332 123 len 3372
KAMI 664251226205356101 123 len 4139
KAMI 168251226183408169 123 len 1002
kw 123 page 16 code 200 n 10 total None msg success
KAMI 756260628204413274 123 len 196
KAMI 551260615140934266 123 len 2282
KAMI 449251230182935400 123 len 205
KAMI 761251230124840970 123 len 166
KAMI 730251228220852428 123 len 167
KAMI 423251227104924937 123 len 167
KAMI 490251226214930533 123 len 205
KAMI 587251226205558332 123 len 3372
KAMI 664251226205356101 123 len 4139
KAMI 168251226183408169 123 len 1002
kw 123 page 17 code 200 n 10 total None msg success
KAMI 756260628204413274 123 len 196
KAMI 551260615140934266 123 len 2282
KAMI 449251230182935400 123 len 205
KAMI 761251230124840970 123 len 166
KAMI 730251228220852428 123 len 167
KAMI 423251227104924937 123 len 167
KAMI 490251226214930533 123 len 205
KAMI 587251226205558332 123 len 3372
KAMI 664251226205356101 123 len 4139
KAMI 168251226183408169 123 len 1002
kw 123 page 18 code 200 n 10 total None msg success
KAMI 756260628204413274 123 len 196
KAMI 551260615140934266 123 len 2282
KAMI 449251230182935400 123 len 205
KAMI 761251230124840970 123 len 166
KAMI 730251228220852428 123 len 167
KAMI 423251227104924937 123 len 167
KAMI 490251226214930533 123 len 205
KAMI 587251226205558332 123 len 3372
KAMI 664251226205356101 123 len 4139
KAMI 168251226183408169 123 len 1002
kw 123 page 19 code 200 n 10 total None msg success
KAMI 756260628204413274 123 len 196
KAMI 551260615140934266 123 len 2282
KAMI 449251230182935400 123 len 205
KAMI 761251230124840970 123 len 166
KAMI 730251228220852428 123 len 167
KAMI 423251227104924937 123 len 167
KAMI 490251226214930533 123 len 205
KAMI 587251226205558332 123 len 3372
KAMI 664251226205356101 123 len 4139
KAMI 168251226183408169 123 len 1002
kw 123 page 20 code 200 n 10 total None msg success
KAMI 756260628204413274 123 len 196
KAMI 551260615140934266 123 len 2282
